Archive member included to satisfy reference by file (symbol)

e:/s4w/plugins/fr.ac6.mcu.externaltools.arm-none.win32_1.16.0.201807130628/tools/compiler/bin/../lib/gcc/arm-none-eabi/7.2.1/thumb/v7e-m/fpv4-sp/hard\libgcc.a(_aeabi_uldivmod.o)
                              Drivers/STM32F4xx_HAL_Driver/stm32f4xx_hal_rcc.o (__aeabi_uldivmod)
e:/s4w/plugins/fr.ac6.mcu.externaltools.arm-none.win32_1.16.0.201807130628/tools/compiler/bin/../lib/gcc/arm-none-eabi/7.2.1/thumb/v7e-m/fpv4-sp/hard\libgcc.a(_udivmoddi4.o)
                              e:/s4w/plugins/fr.ac6.mcu.externaltools.arm-none.win32_1.16.0.201807130628/tools/compiler/bin/../lib/gcc/arm-none-eabi/7.2.1/thumb/v7e-m/fpv4-sp/hard\libgcc.a(_aeabi_uldivmod.o) (__udivmoddi4)
e:/s4w/plugins/fr.ac6.mcu.externaltools.arm-none.win32_1.16.0.201807130628/tools/compiler/bin/../lib/gcc/arm-none-eabi/7.2.1/thumb/v7e-m/fpv4-sp/hard\libgcc.a(_dvmd_tls.o)
                              e:/s4w/plugins/fr.ac6.mcu.externaltools.arm-none.win32_1.16.0.201807130628/tools/compiler/bin/../lib/gcc/arm-none-eabi/7.2.1/thumb/v7e-m/fpv4-sp/hard\libgcc.a(_aeabi_uldivmod.o) (__aeabi_ldiv0)
e:/s4w/plugins/fr.ac6.mcu.externaltools.arm-none.win32_1.16.0.201807130628/tools/compiler/bin/../lib/gcc/arm-none-eabi/7.2.1/../../../../arm-none-eabi/lib/thumb/v7e-m/fpv4-sp/hard\libc_nano.a(lib_a-exit.o)
                              e:/s4w/plugins/fr.ac6.mcu.externaltools.arm-none.win32_1.16.0.201807130628/tools/compiler/bin/../lib/gcc/arm-none-eabi/7.2.1/../../../../arm-none-eabi/lib/thumb/v7e-m/fpv4-sp/hard/crt0.o (exit)
e:/s4w/plugins/fr.ac6.mcu.externaltools.arm-none.win32_1.16.0.201807130628/tools/compiler/bin/../lib/gcc/arm-none-eabi/7.2.1/../../../../arm-none-eabi/lib/thumb/v7e-m/fpv4-sp/hard\libc_nano.a(lib_a-impure.o)
                              e:/s4w/plugins/fr.ac6.mcu.externaltools.arm-none.win32_1.16.0.201807130628/tools/compiler/bin/../lib/gcc/arm-none-eabi/7.2.1/../../../../arm-none-eabi/lib/thumb/v7e-m/fpv4-sp/hard\libc_nano.a(lib_a-exit.o) (_global_impure_ptr)
e:/s4w/plugins/fr.ac6.mcu.externaltools.arm-none.win32_1.16.0.201807130628/tools/compiler/bin/../lib/gcc/arm-none-eabi/7.2.1/../../../../arm-none-eabi/lib/thumb/v7e-m/fpv4-sp/hard\libc_nano.a(lib_a-init.o)
                              e:/s4w/plugins/fr.ac6.mcu.externaltools.arm-none.win32_1.16.0.201807130628/tools/compiler/bin/../lib/gcc/arm-none-eabi/7.2.1/../../../../arm-none-eabi/lib/thumb/v7e-m/fpv4-sp/hard/crt0.o (__libc_init_array)
e:/s4w/plugins/fr.ac6.mcu.externaltools.arm-none.win32_1.16.0.201807130628/tools/compiler/bin/../lib/gcc/arm-none-eabi/7.2.1/../../../../arm-none-eabi/lib/thumb/v7e-m/fpv4-sp/hard\libc_nano.a(lib_a-memset.o)
                              e:/s4w/plugins/fr.ac6.mcu.externaltools.arm-none.win32_1.16.0.201807130628/tools/compiler/bin/../lib/gcc/arm-none-eabi/7.2.1/../../../../arm-none-eabi/lib/thumb/v7e-m/fpv4-sp/hard/crt0.o (memset)
e:/s4w/plugins/fr.ac6.mcu.externaltools.arm-none.win32_1.16.0.201807130628/tools/compiler/bin/../lib/gcc/arm-none-eabi/7.2.1/../../../../arm-none-eabi/lib/thumb/v7e-m/fpv4-sp/hard\libnosys.a(_exit.o)
                              e:/s4w/plugins/fr.ac6.mcu.externaltools.arm-none.win32_1.16.0.201807130628/tools/compiler/bin/../lib/gcc/arm-none-eabi/7.2.1/../../../../arm-none-eabi/lib/thumb/v7e-m/fpv4-sp/hard\libc_nano.a(lib_a-exit.o) (_exit)

Allocating common symbols
Common symbol       size              file

position            0x2               Application/User/main.o
uwTick              0x4               Drivers/STM32F4xx_HAL_Driver/stm32f4xx_hal.o
pFlash              0x20              Drivers/STM32F4xx_HAL_Driver/stm32f4xx_hal_flash.o
counter             0x2               Application/User/main.o
htim1               0x3c              Application/User/main.o

Discarded input sections

 .text          0x00000000        0x0 e:/s4w/plugins/fr.ac6.mcu.externaltools.arm-none.win32_1.16.0.201807130628/tools/compiler/bin/../lib/gcc/arm-none-eabi/7.2.1/thumb/v7e-m/fpv4-sp/hard/crti.o
 .data          0x00000000        0x0 e:/s4w/plugins/fr.ac6.mcu.externaltools.arm-none.win32_1.16.0.201807130628/tools/compiler/bin/../lib/gcc/arm-none-eabi/7.2.1/thumb/v7e-m/fpv4-sp/hard/crti.o
 .bss           0x00000000        0x0 e:/s4w/plugins/fr.ac6.mcu.externaltools.arm-none.win32_1.16.0.201807130628/tools/compiler/bin/../lib/gcc/arm-none-eabi/7.2.1/thumb/v7e-m/fpv4-sp/hard/crti.o
 .data          0x00000000        0x4 e:/s4w/plugins/fr.ac6.mcu.externaltools.arm-none.win32_1.16.0.201807130628/tools/compiler/bin/../lib/gcc/arm-none-eabi/7.2.1/thumb/v7e-m/fpv4-sp/hard/crtbegin.o
 .text          0x00000000       0x74 e:/s4w/plugins/fr.ac6.mcu.externaltools.arm-none.win32_1.16.0.201807130628/tools/compiler/bin/../lib/gcc/arm-none-eabi/7.2.1/../../../../arm-none-eabi/lib/thumb/v7e-m/fpv4-sp/hard/crt0.o
[...]
Memory Configuration

Name             Origin             Length             Attributes
RAM              0x20000000         0x00030000         xrw
CCMRAM           0x10000000         0x00010000         rw
FLASH            0x08000000         0x00200000         xr
*default*        0x00000000         0xffffffff

Linker script and memory map

LOAD e:/s4w/plugins/fr.ac6.mcu.externaltools.arm-none.win32_1.16.0.201807130628/tools/compiler/bin/../lib/gcc/arm-none-eabi/7.2.1/thumb/v7e-m/fpv4-sp/hard/crti.o
LOAD e:/s4w/plugins/fr.ac6.mcu.externaltools.arm-none.win32_1.16.0.201807130628/tools/compiler/bin/../lib/gcc/arm-none-eabi/7.2.1/thumb/v7e-m/fpv4-sp/hard/crtbegin.o
LOAD e:/s4w/plugins/fr.ac6.mcu.externaltools.arm-none.win32_1.16.0.201807130628/tools/compiler/bin/../lib/gcc/arm-none-eabi/7.2.1/../../../../arm-none-eabi/lib/thumb/v7e-m/fpv4-sp/hard/crt0.o
LOAD Application/SW4STM32/startup_stm32f429xx.o
LOAD Application/User/main.o
LOAD Application/User/stm32f4xx_hal_msp.o
LOAD Application/User/stm32f4xx_it.o
LOAD Drivers/CMSIS/system_stm32f4xx.o
LOAD Drivers/STM32F4xx_HAL_Driver/stm32f4xx_hal.o
LOAD Drivers/STM32F4xx_HAL_Driver/stm32f4xx_hal_cortex.o
LOAD Drivers/STM32F4xx_HAL_Driver/stm32f4xx_hal_dma.o
LOAD Drivers/STM32F4xx_HAL_Driver/stm32f4xx_hal_dma_ex.o
LOAD Drivers/STM32F4xx_HAL_Driver/stm32f4xx_hal_flash.o
LOAD Drivers/STM32F4xx_HAL_Driver/stm32f4xx_hal_flash_ex.o
LOAD Drivers/STM32F4xx_HAL_Driver/stm32f4xx_hal_flash_ramfunc.o
LOAD Drivers/STM32F4xx_HAL_Driver/stm32f4xx_hal_gpio.o
LOAD Drivers/STM32F4xx_HAL_Driver/stm32f4xx_hal_pwr.o
LOAD Drivers/STM32F4xx_HAL_Driver/stm32f4xx_hal_pwr_ex.o
LOAD Drivers/STM32F4xx_HAL_Driver/stm32f4xx_hal_rcc.o
LOAD Drivers/STM32F4xx_HAL_Driver/stm32f4xx_hal_rcc_ex.o
LOAD Drivers/STM32F4xx_HAL_Driver/stm32f4xx_hal_tim.o
LOAD Drivers/STM32F4xx_HAL_Driver/stm32f4xx_hal_tim_ex.o
LOAD e:/s4w/plugins/fr.ac6.mcu.externaltools.arm-none.win32_1.16.0.201807130628/tools/compiler/bin/../lib/gcc/arm-none-eabi/7.2.1/../../../../arm-none-eabi/lib/thumb/v7e-m/fpv4-sp/hard\libm.a
START GROUP
LOAD e:/s4w/plugins/fr.ac6.mcu.externaltools.arm-none.win32_1.16.0.201807130628/tools/compiler/bin/../lib/gcc/arm-none-eabi/7.2.1/thumb/v7e-m/fpv4-sp/hard\libgcc.a
LOAD e:/s4w/plugins/fr.ac6.mcu.externaltools.arm-none.win32_1.16.0.201807130628/tools/compiler/bin/../lib/gcc/arm-none-eabi/7.2.1/../../../../arm-none-eabi/lib/thumb/v7e-m/fpv4-sp/hard\libc_nano.a
END GROUP
START GROUP
LOAD e:/s4w/plugins/fr.ac6.mcu.externaltools.arm-none.win32_1.16.0.201807130628/tools/compiler/bin/../lib/gcc/arm-none-eabi/7.2.1/thumb/v7e-m/fpv4-sp/hard\libgcc.a
LOAD e:/s4w/plugins/fr.ac6.mcu.externaltools.arm-none.win32_1.16.0.201807130628/tools/compiler/bin/../lib/gcc/arm-none-eabi/7.2.1/../../../../arm-none-eabi/lib/thumb/v7e-m/fpv4-sp/hard\libc_nano.a
LOAD e:/s4w/plugins/fr.ac6.mcu.externaltools.arm-none.win32_1.16.0.201807130628/tools/compiler/bin/../lib/gcc/arm-none-eabi/7.2.1/../../../../arm-none-eabi/lib/thumb/v7e-m/fpv4-sp/hard\libnosys.a
END GROUP
START GROUP
LOAD e:/s4w/plugins/fr.ac6.mcu.externaltools.arm-none.win32_1.16.0.201807130628/tools/compiler/bin/../lib/gcc/arm-none-eabi/7.2.1/thumb/v7e-m/fpv4-sp/hard\libgcc.a
LOAD e:/s4w/plugins/fr.ac6.mcu.externaltools.arm-none.win32_1.16.0.201807130628/tools/compiler/bin/../lib/gcc/arm-none-eabi/7.2.1/../../../../arm-none-eabi/lib/thumb/v7e-m/fpv4-sp/hard\libc_nano.a
LOAD e:/s4w/plugins/fr.ac6.mcu.externaltools.arm-none.win32_1.16.0.201807130628/tools/compiler/bin/../lib/gcc/arm-none-eabi/7.2.1/../../../../arm-none-eabi/lib/thumb/v7e-m/fpv4-sp/hard\libnosys.a
END GROUP
LOAD e:/s4w/plugins/fr.ac6.mcu.externaltools.arm-none.win32_1.16.0.201807130628/tools/compiler/bin/../lib/gcc/arm-none-eabi/7.2.1/thumb/v7e-m/fpv4-sp/hard/crtend.o
LOAD e:/s4w/plugins/fr.ac6.mcu.externaltools.arm-none.win32_1.16.0.201807130628/tools/compiler/bin/../lib/gcc/arm-none-eabi/7.2.1/thumb/v7e-m/fpv4-sp/hard/crtn.o
                0x20030000                _estack = 0x20030000
                0x00000200                _Min_Heap_Size = 0x200
                0x00000400                _Min_Stack_Size = 0x400

.isr_vector     0x08000000      0x1ac
                0x08000000                . = ALIGN (0x4)
 *(.isr_vector)
 .isr_vector    0x08000000      0x1ac Application/SW4STM32/startup_stm32f429xx.o
                0x08000000                g_pfnVectors
                0x080001ac                . = ALIGN (0x4)

.text           0x080001ac     0x11d4
                0x080001ac                . = ALIGN (0x4)
 *(.text)
 .text          0x080001ac       0x40 e:/s4w/plugins/fr.ac6.mcu.externaltools.arm-none.win32_1.16.0.201807130628/tools/compiler/bin/../lib/gcc/arm-none-eabi/7.2.1/thumb/v7e-m/fpv4-sp/hard/crtbegin.o
 .text          0x080001ec       0x30 e:/s4w/plugins/fr.ac6.mcu.externaltools.arm-none.win32_1.16.0.201807130628/tools/compiler/bin/../lib/gcc/arm-none-eabi/7.2.1/thumb/v7e-m/fpv4-sp/hard\libgcc.a(_aeabi_uldivmod.o)
                0x080001ec                __aeabi_uldivmod
 .text          0x0800021c      0x2cc e:/s4w/plugins/fr.ac6.mcu.externaltools.arm-none.win32_1.16.0.201807130628/tools/compiler/bin/../lib/gcc/arm-none-eabi/7.2.1/thumb/v7e-m/fpv4-sp/hard\libgcc.a(_udivmoddi4.o)
                0x0800021c                __udivmoddi4
 .text          0x080004e8        0x4 e:/s4w/plugins/fr.ac6.mcu.externaltools.arm-none.win32_1.16.0.201807130628/tools/compiler/bin/../lib/gcc/arm-none-eabi/7.2.1/thumb/v7e-m/fpv4-sp/hard\libgcc.a(_dvmd_tls.o)
                0x080004e8                __aeabi_idiv0
                0x080004e8                __aeabi_ldiv0
 *(.text*)
 .text.Reset_Handler
                0x080004ec       0x50 Application/SW4STM32/startup_stm32f429xx.o
                0x080004ec                Reset_Handler
 .text.Default_Handler
                0x0800053c        0x2 Application/SW4STM32/startup_stm32f429xx.o
                0x0800053c                RTC_Alarm_IRQHandler
                0x0800053c                HASH_RNG_IRQHandler
                0x0800053c                EXTI2_IRQHandler
                0x0800053c                TIM8_CC_IRQHandler
                0x0800053c                UART8_IRQHandler
                0x0800053c                SPI4_IRQHandler
                0x0800053c                TIM1_CC_IRQHandler
                0x0800053c                DMA2_Stream5_IRQHandler
                0x0800053c                DMA1_Stream5_IRQHandler
                0x0800053c                PVD_IRQHandler
                0x0800053c                SDIO_IRQHandler
                0x0800053c                TAMP_STAMP_IRQHandler
                0x0800053c                CAN2_RX1_IRQHandler
                0x0800053c                EXTI3_IRQHandler
                0x0800053c                TIM8_TRG_COM_TIM14_IRQHandler
                0x0800053c                TIM1_UP_TIM10_IRQHandler
                0x0800053c                TIM8_UP_TIM13_IRQHandler
                0x0800053c                I2C3_ER_IRQHandler
                0x0800053c                EXTI0_IRQHandler
                0x0800053c                I2C2_EV_IRQHandler
                0x0800053c                DMA1_Stream2_IRQHandler
                0x0800053c                CAN1_RX0_IRQHandler
                0x0800053c                FPU_IRQHandler
                0x0800053c                OTG_HS_WKUP_IRQHandler
                0x0800053c                LTDC_ER_IRQHandler
                0x0800053c                CAN2_SCE_IRQHandler
                0x0800053c                DMA2_Stream2_IRQHandler
                0x0800053c                SPI1_IRQHandler
                0x0800053c                TIM6_DAC_IRQHandler
                0x0800053c                TIM1_BRK_TIM9_IRQHandler
                0x0800053c                DCMI_IRQHandler
                0x0800053c                CAN2_RX0_IRQHandler
                0x0800053c                DMA2_Stream3_IRQHandler
                0x0800053c                USART6_IRQHandler
                0x0800053c                USART3_IRQHandler
                0x0800053c                CAN1_RX1_IRQHandler
                0x0800053c                UART5_IRQHandler
                0x0800053c                DMA2_Stream0_IRQHandler
                0x0800053c                TIM4_IRQHandler
                0x0800053c                I2C1_EV_IRQHandler
                0x0800053c                DMA1_Stream6_IRQHandler
                0x0800053c                DMA1_Stream1_IRQHandler
                0x0800053c                UART4_IRQHandler
                0x0800053c                TIM3_IRQHandler
                0x0800053c                RCC_IRQHandler
                0x0800053c                TIM8_BRK_TIM12_IRQHandler
                0x0800053c                Default_Handler
                0x0800053c                EXTI15_10_IRQHandler
                0x0800053c                ADC_IRQHandler
                0x0800053c                DMA1_Stream7_IRQHandler
                0x0800053c                SPI5_IRQHandler
                0x0800053c                TIM7_IRQHandler
                0x0800053c                CAN2_TX_IRQHandler
                0x0800053c                TIM5_IRQHandler
                0x0800053c                DMA2_Stream7_IRQHandler
                0x0800053c                I2C3_EV_IRQHandler
                0x0800053c                EXTI9_5_IRQHandler
                0x0800053c                RTC_WKUP_IRQHandler
                0x0800053c                LTDC_IRQHandler
                0x0800053c                ETH_WKUP_IRQHandler
                0x0800053c                SPI2_IRQHandler
                0x0800053c                OTG_HS_EP1_IN_IRQHandler
                0x0800053c                DMA1_Stream0_IRQHandler
                0x0800053c                CAN1_TX_IRQHandler
                0x0800053c                EXTI4_IRQHandler
                0x0800053c                ETH_IRQHandler
                0x0800053c                OTG_HS_EP1_OUT_IRQHandler
                0x0800053c                WWDG_IRQHandler
                0x0800053c                SPI6_IRQHandler
                0x0800053c                TIM2_IRQHandler
                0x0800053c                OTG_FS_WKUP_IRQHandler
                0x0800053c                TIM1_TRG_COM_TIM11_IRQHandler
                0x0800053c                OTG_HS_IRQHandler
                0x0800053c                DMA2D_IRQHandler
                0x0800053c                EXTI1_IRQHandler
                0x0800053c                UART7_IRQHandler
                0x0800053c                USART2_IRQHandler
                0x0800053c                I2C2_ER_IRQHandler
                0x0800053c                DMA2_Stream1_IRQHandler
                0x0800053c                CAN1_SCE_IRQHandler
                0x0800053c                FLASH_IRQHandler
                0x0800053c                DMA2_Stream4_IRQHandler
                0x0800053c                USART1_IRQHandler
                0x0800053c                OTG_FS_IRQHandler
                0x0800053c                SPI3_IRQHandler
                0x0800053c                DMA1_Stream4_IRQHandler
                0x0800053c                I2C1_ER_IRQHandler
                0x0800053c                FMC_IRQHandler
                0x0800053c                DMA2_Stream6_IRQHandler
                0x0800053c                SAI1_IRQHandler
                0x0800053c                DMA1_Stream3_IRQHandler
 *fill*         0x0800053e        0x2 
 .text.MX_GPIO_Init
                0x08000540       0x24 Application/User/main.o
 .text._Error_Handler
                0x08000564        0x2 Application/User/main.o
                0x08000564                _Error_Handler
 *fill*         0x08000566        0x2 
 .text.MX_TIM1_Init
                0x08000568       0x6c Application/User/main.o
 .text.SystemClock_Config
                0x080005d4       0xac Application/User/main.o
                0x080005d4                SystemClock_Config
 .text.main     0x08000680       0x40 Application/User/main.o
                0x08000680                main
 .text.HAL_MspInit
                0x080006c0       0x94 Application/User/stm32f4xx_hal_msp.o
                0x080006c0                HAL_MspInit
 .text.HAL_TIM_Encoder_MspInit
                0x08000754       0x50 Application/User/stm32f4xx_hal_msp.o
                0x08000754                HAL_TIM_Encoder_MspInit
 .text.NMI_Handler
                0x080007a4        0x2 Application/User/stm32f4xx_it.o
                0x080007a4                NMI_Handler
 .text.HardFault_Handler
                0x080007a6        0x2 Application/User/stm32f4xx_it.o
                0x080007a6                HardFault_Handler
 .text.MemManage_Handler
                0x080007a8        0x2 Application/User/stm32f4xx_it.o
                0x080007a8                MemManage_Handler
 .text.BusFault_Handler
                0x080007aa        0x2 Application/User/stm32f4xx_it.o
                0x080007aa                BusFault_Handler
 .text.UsageFault_Handler
                0x080007ac        0x2 Application/User/stm32f4xx_it.o
                0x080007ac                UsageFault_Handler
 .text.SVC_Handler
                0x080007ae        0x2 Application/User/stm32f4xx_it.o
                0x080007ae                SVC_Handler
 .text.DebugMon_Handler
                0x080007b0        0x2 Application/User/stm32f4xx_it.o
                0x080007b0                DebugMon_Handler
 .text.PendSV_Handler
                0x080007b2        0x2 Application/User/stm32f4xx_it.o
                0x080007b2                PendSV_Handler
 .text.SysTick_Handler
                0x080007b4        0xc Application/User/stm32f4xx_it.o
                0x080007b4                SysTick_Handler
 .text.SystemInit
                0x080007c0       0x4c Drivers/CMSIS/system_stm32f4xx.o
                0x080007c0                SystemInit
 .text.HAL_InitTick
                0x0800080c       0x48 Drivers/STM32F4xx_HAL_Driver/stm32f4xx_hal.o
                0x0800080c                HAL_InitTick
 .text.HAL_Init
                0x08000854       0x34 Drivers/STM32F4xx_HAL_Driver/stm32f4xx_hal.o
                0x08000854                HAL_Init
 .text.HAL_IncTick
                0x08000888       0x18 Drivers/STM32F4xx_HAL_Driver/stm32f4xx_hal.o
                0x08000888                HAL_IncTick
 .text.HAL_GetTick
                0x080008a0        0xc Drivers/STM32F4xx_HAL_Driver/stm32f4xx_hal.o
                0x080008a0                HAL_GetTick
 .text.HAL_NVIC_SetPriorityGrouping
                0x080008ac       0x24 Drivers/STM32F4xx_HAL_Driver/stm32f4xx_hal_cortex.o
                0x080008ac                HAL_NVIC_SetPriorityGrouping
 .text.HAL_NVIC_SetPriority
                0x080008d0       0x68 Drivers/STM32F4xx_HAL_Driver/stm32f4xx_hal_cortex.o
                0x080008d0                HAL_NVIC_SetPriority
 .text.HAL_SYSTICK_Config
                0x08000938       0x2c Drivers/STM32F4xx_HAL_Driver/stm32f4xx_hal_cortex.o
                0x08000938                HAL_SYSTICK_Config
 .text.HAL_SYSTICK_CLKSourceConfig
                0x08000964       0x20 Drivers/STM32F4xx_HAL_Driver/stm32f4xx_hal_cortex.o
                0x08000964                HAL_SYSTICK_CLKSourceConfig
 .text.HAL_SYSTICK_Callback
                0x08000984        0x2 Drivers/STM32F4xx_HAL_Driver/stm32f4xx_hal_cortex.o
                0x08000984                HAL_SYSTICK_Callback
 .text.HAL_SYSTICK_IRQHandler
                0x08000986        0x8 Drivers/STM32F4xx_HAL_Driver/stm32f4xx_hal_cortex.o
                0x08000986                HAL_SYSTICK_IRQHandler
 *fill*         0x0800098e        0x2 
 .text.HAL_GPIO_Init
                0x08000990      0x1e0 Drivers/STM32F4xx_HAL_Driver/stm32f4xx_hal_gpio.o
                0x08000990                HAL_GPIO_Init
 .text.HAL_RCC_OscConfig
                0x08000b70      0x398 Drivers/STM32F4xx_HAL_Driver/stm32f4xx_hal_rcc.o
                0x08000b70                HAL_RCC_OscConfig
 .text.HAL_RCC_GetSysClockFreq
                0x08000f08       0xa8 Drivers/STM32F4xx_HAL_Driver/stm32f4xx_hal_rcc.o
                0x08000f08                HAL_RCC_GetSysClockFreq
 .text.HAL_RCC_ClockConfig
                0x08000fb0      0x158 Drivers/STM32F4xx_HAL_Driver/stm32f4xx_hal_rcc.o
                0x08000fb0                HAL_RCC_ClockConfig
 .text.HAL_RCC_GetHCLKFreq
                0x08001108        0xc Drivers/STM32F4xx_HAL_Driver/stm32f4xx_hal_rcc.o
                0x08001108                HAL_RCC_GetHCLKFreq
 .text.TIM_Base_SetConfig
                0x08001114       0xc0 Drivers/STM32F4xx_HAL_Driver/stm32f4xx_hal_tim.o
                0x08001114                TIM_Base_SetConfig
 .text.HAL_TIM_Encoder_Init
                0x080011d4       0x98 Drivers/STM32F4xx_HAL_Driver/stm32f4xx_hal_tim.o
                0x080011d4                HAL_TIM_Encoder_Init
 .text.TIM_CCxChannelCmd
                0x0800126c       0x1e Drivers/STM32F4xx_HAL_Driver/stm32f4xx_hal_tim.o
                0x0800126c                TIM_CCxChannelCmd
 .text.HAL_TIM_Encoder_Start
                0x0800128a       0x44 Drivers/STM32F4xx_HAL_Driver/stm32f4xx_hal_tim.o
                0x0800128a                HAL_TIM_Encoder_Start
 .text.HAL_TIMEx_MasterConfigSynchronization
                0x080012ce       0x52 Drivers/STM32F4xx_HAL_Driver/stm32f4xx_hal_tim_ex.o
                0x080012ce                HAL_TIMEx_MasterConfigSynchronization
 .text.__libc_init_array
                0x08001320       0x48 e:/s4w/plugins/fr.ac6.mcu.externaltools.arm-none.win32_1.16.0.201807130628/tools/compiler/bin/../lib/gcc/arm-none-eabi/7.2.1/../../../../arm-none-eabi/lib/thumb/v7e-m/fpv4-sp/hard\libc_nano.a(lib_a-init.o)
                0x08001320                __libc_init_array
 *(.glue_7)
 .glue_7        0x08001368        0x0 linker stubs
 *(.glue_7t)
 .glue_7t       0x08001368        0x0 linker stubs
 *(.eh_frame)
 .eh_frame      0x08001368        0x0 e:/s4w/plugins/fr.ac6.mcu.externaltools.arm-none.win32_1.16.0.201807130628/tools/compiler/bin/../lib/gcc/arm-none-eabi/7.2.1/thumb/v7e-m/fpv4-sp/hard/crtbegin.o
 *(.init)
 .init          0x08001368        0x4 e:/s4w/plugins/fr.ac6.mcu.externaltools.arm-none.win32_1.16.0.201807130628/tools/compiler/bin/../lib/gcc/arm-none-eabi/7.2.1/thumb/v7e-m/fpv4-sp/hard/crti.o
                0x08001368                _init
 .init          0x0800136c        0x8 e:/s4w/plugins/fr.ac6.mcu.externaltools.arm-none.win32_1.16.0.201807130628/tools/compiler/bin/../lib/gcc/arm-none-eabi/7.2.1/thumb/v7e-m/fpv4-sp/hard/crtn.o
 *(.fini)
 .fini          0x08001374        0x4 e:/s4w/plugins/fr.ac6.mcu.externaltools.arm-none.win32_1.16.0.201807130628/tools/compiler/bin/../lib/gcc/arm-none-eabi/7.2.1/thumb/v7e-m/fpv4-sp/hard/crti.o
                0x08001374                _fini
 .fini          0x08001378        0x8 e:/s4w/plugins/fr.ac6.mcu.externaltools.arm-none.win32_1.16.0.201807130628/tools/compiler/bin/../lib/gcc/arm-none-eabi/7.2.1/thumb/v7e-m/fpv4-sp/hard/crtn.o
                0x08001380                . = ALIGN (0x4)
                0x08001380                _etext = .

.vfp11_veneer   0x08001380        0x0
 .vfp11_veneer  0x08001380        0x0 linker stubs

.v4_bx          0x08001380        0x0
 .v4_bx         0x08001380        0x0 linker stubs

.iplt           0x08001380        0x0
 .iplt          0x08001380        0x0 e:/s4w/plugins/fr.ac6.mcu.externaltools.arm-none.win32_1.16.0.201807130628/tools/compiler/bin/../lib/gcc/arm-none-eabi/7.2.1/thumb/v7e-m/fpv4-sp/hard/crtbegin.o

.rodata         0x08001380       0x4c
                0x08001380                . = ALIGN (0x4)
 *(.rodata)
 .rodata        0x08001380       0x18 Drivers/CMSIS/system_stm32f4xx.o
                0x08001380                AHBPrescTable
                0x08001390                APBPrescTable
 *(.rodata*)
 .rodata.str1.4
                0x08001398       0x34 Application/User/main.o
                                 0x31 (size before relaxing)
                0x080013cc                . = ALIGN (0x4)

.ARM.extab
 *(.ARM.extab* .gnu.linkonce.armextab.*)

.ARM            0x080013cc        0x8
                0x080013cc                __exidx_start = .
 *(.ARM.exidx*)
 .ARM.exidx     0x080013cc        0x8 e:/s4w/plugins/fr.ac6.mcu.externaltools.arm-none.win32_1.16.0.201807130628/tools/compiler/bin/../lib/gcc/arm-none-eabi/7.2.1/thumb/v7e-m/fpv4-sp/hard\libgcc.a(_udivmoddi4.o)
                0x080013d4                __exidx_end = .

.rel.dyn        0x080013d4        0x0
 .rel.iplt      0x080013d4        0x0 e:/s4w/plugins/fr.ac6.mcu.externaltools.arm-none.win32_1.16.0.201807130628/tools/compiler/bin/../lib/gcc/arm-none-eabi/7.2.1/thumb/v7e-m/fpv4-sp/hard/crtbegin.o

.preinit_array  0x080013d4        0x0
                0x080013d4                PROVIDE (__preinit_array_start, .)
 *(.preinit_array*)
                0x080013d4                PROVIDE (__preinit_array_end, .)

.init_array     0x080013d4        0x4
                0x080013d4                PROVIDE (__init_array_start, .)
 *(SORT_BY_NAME(.init_array.*))
 *(.init_array*)
 .init_array    0x080013d4        0x4 e:/s4w/plugins/fr.ac6.mcu.externaltools.arm-none.win32_1.16.0.201807130628/tools/compiler/bin/../lib/gcc/arm-none-eabi/7.2.1/thumb/v7e-m/fpv4-sp/hard/crtbegin.o
                0x080013d8                PROVIDE (__init_array_end, .)

.fini_array     0x080013d8        0x4
                [!provide]                PROVIDE (__fini_array_start, .)
 *(SORT_BY_NAME(.fini_array.*))
 *(.fini_array*)
 .fini_array    0x080013d8        0x4 e:/s4w/plugins/fr.ac6.mcu.externaltools.arm-none.win32_1.16.0.201807130628/tools/compiler/bin/../lib/gcc/arm-none-eabi/7.2.1/thumb/v7e-m/fpv4-sp/hard/crtbegin.o
                [!provide]                PROVIDE (__fini_array_end, .)
                0x080013dc                _sidata = LOADADDR (.data)

.data           0x20000000        0xc load address 0x080013dc
                0x20000000                . = ALIGN (0x4)
                0x20000000                _sdata = .
 *(.data)
 .data          0x20000000        0x4 Drivers/CMSIS/system_stm32f4xx.o
                0x20000000                SystemCoreClock
 .data          0x20000004        0x8 Drivers/STM32F4xx_HAL_Driver/stm32f4xx_hal.o
                0x20000004                uwTickFreq
                0x20000008                uwTickPrio
 *(.data*)
                0x2000000c                . = ALIGN (0x4)
                0x2000000c                _edata = .
                0x080013e8                _siccmram = LOADADDR (.ccmram)

.igot.plt       0x2000000c        0x0 load address 0x080013e8
 .igot.plt      0x2000000c        0x0 e:/s4w/plugins/fr.ac6.mcu.externaltools.arm-none.win32_1.16.0.201807130628/tools/compiler/bin/../lib/gcc/arm-none-eabi/7.2.1/thumb/v7e-m/fpv4-sp/hard/crtbegin.o

.ccmram         0x10000000        0x0 load address 0x080013e8
                0x10000000                . = ALIGN (0x4)
                0x10000000                _sccmram = .
 *(.ccmram)
 *(.ccmram*)
                0x10000000                . = ALIGN (0x4)
                0x10000000                _eccmram = .
                0x10000000                . = ALIGN (0x4)

.bss            0x2000000c       0x60
                0x2000000c                _sbss = .
                0x2000000c                __bss_start__ = _sbss
 *(.bss)
 .bss           0x2000000c       0x1c e:/s4w/plugins/fr.ac6.mcu.externaltools.arm-none.win32_1.16.0.201807130628/tools/compiler/bin/../lib/gcc/arm-none-eabi/7.2.1/thumb/v7e-m/fpv4-sp/hard/crtbegin.o
 *(.bss*)
 *(COMMON)
 COMMON         0x20000028       0x40 Application/User/main.o
                0x20000028                position
                0x2000002a                counter
                0x2000002c                htim1
 COMMON         0x20000068        0x4 Drivers/STM32F4xx_HAL_Driver/stm32f4xx_hal.o
                0x20000068                uwTick
                0x2000006c                . = ALIGN (0x4)
                0x2000006c                _ebss = .
                0x2000006c                __bss_end__ = _ebss

._user_heap_stack
                0x2000006c      0x604
                0x20000070                . = ALIGN (0x8)
 *fill*         0x2000006c        0x4 
                [!provide]                PROVIDE (end, .)
                [!provide]                PROVIDE (_end, .)
                0x20000270                . = (. + _Min_Heap_Size)
 *fill*         0x20000070      0x200 
                0x20000670                . = (. + _Min_Stack_Size)
 *fill*         0x20000270      0x400 
                0x20000670                . = ALIGN (0x8)

/DISCARD/
 libc.a(*)
 libm.a(*)
 libgcc.a(*)

.ARM.attributes
                0x00000000       0x30
 *(.ARM.attributes)
 .ARM.attributes
                0x00000000       0x22 e:/s4w/plugins/fr.ac6.mcu.externaltools.arm-none.win32_1.16.0.201807130628/tools/compiler/bin/../lib/gcc/arm-none-eabi/7.2.1/thumb/v7e-m/fpv4-sp/hard/crti.o
 .ARM.attributes
                0x00000022       0x34 e:/s4w/plugins/fr.ac6.mcu.externaltools.arm-none.win32_1.16.0.201807130628/tools/compiler/bin/../lib/gcc/arm-none-eabi/7.2.1/thumb/v7e-m/fpv4-sp/hard/crtbegin.o
 .ARM.attributes
                0x00000056       0x21 Application/SW4STM32/startup_stm32f429xx.o
 .ARM.attributes
                0x00000077       0x39 Application/User/main.o
 .ARM.attributes
                0x000000b0       0x39 Application/User/stm32f4xx_hal_msp.o
 .ARM.attributes
                0x000000e9       0x39 Application/User/stm32f4xx_it.o
 .ARM.attributes
                0x00000122       0x39 Drivers/CMSIS/system_stm32f4xx.o
 .ARM.attributes
                0x0000015b       0x39 Drivers/STM32F4xx_HAL_Driver/stm32f4xx_hal.o
 .ARM.attributes
                0x00000194       0x39 Drivers/STM32F4xx_HAL_Driver/stm32f4xx_hal_cortex.o
 .ARM.attributes
                0x000001cd       0x39 Drivers/STM32F4xx_HAL_Driver/stm32f4xx_hal_gpio.o
 .ARM.attributes
                0x00000206       0x39 Drivers/STM32F4xx_HAL_Driver/stm32f4xx_hal_rcc.o
 .ARM.attributes
                0x0000023f       0x39 Drivers/STM32F4xx_HAL_Driver/stm32f4xx_hal_tim.o
 .ARM.attributes
                0x00000278       0x39 Drivers/STM32F4xx_HAL_Driver/stm32f4xx_hal_tim_ex.o
 .ARM.attributes
                0x000002b1       0x22 e:/s4w/plugins/fr.ac6.mcu.externaltools.arm-none.win32_1.16.0.201807130628/tools/compiler/bin/../lib/gcc/arm-none-eabi/7.2.1/thumb/v7e-m/fpv4-sp/hard\libgcc.a(_aeabi_uldivmod.o)
 .ARM.attributes
                0x000002d3       0x34 e:/s4w/plugins/fr.ac6.mcu.externaltools.arm-none.win32_1.16.0.201807130628/tools/compiler/bin/../lib/gcc/arm-none-eabi/7.2.1/thumb/v7e-m/fpv4-sp/hard\libgcc.a(_udivmoddi4.o)
 .ARM.attributes
                0x00000307       0x22 e:/s4w/plugins/fr.ac6.mcu.externaltools.arm-none.win32_1.16.0.201807130628/tools/compiler/bin/../lib/gcc/arm-none-eabi/7.2.1/thumb/v7e-m/fpv4-sp/hard\libgcc.a(_dvmd_tls.o)
 .ARM.attributes
                0x00000329       0x34 e:/s4w/plugins/fr.ac6.mcu.externaltools.arm-none.win32_1.16.0.201807130628/tools/compiler/bin/../lib/gcc/arm-none-eabi/7.2.1/../../../../arm-none-eabi/lib/thumb/v7e-m/fpv4-sp/hard\libc_nano.a(lib_a-init.o)
 .ARM.attributes
                0x0000035d       0x22 e:/s4w/plugins/fr.ac6.mcu.externaltools.arm-none.win32_1.16.0.201807130628/tools/compiler/bin/../lib/gcc/arm-none-eabi/7.2.1/thumb/v7e-m/fpv4-sp/hard/crtn.o
OUTPUT(ENKODER_CubeMX.elf elf32-littlearm)

.debug_line     0x00000000     0x6b5c
 .debug_line    0x00000000       0xa3 Application/SW4STM32/startup_stm32f429xx.o
 .debug_line    0x000000a3      0x7e6 Application/User/main.o
 .debug_line    0x00000889      0x7b1 Application/User/stm32f4xx_hal_msp.o
 .debug_line    0x0000103a      0x805 Application/User/stm32f4xx_it.o
 .debug_line    0x0000183f      0x7a6 Drivers/CMSIS/system_stm32f4xx.o
 .debug_line    0x00001fe5      0x983 Drivers/STM32F4xx_HAL_Driver/stm32f4xx_hal.o
 .debug_line    0x00002968      0x9ba Drivers/STM32F4xx_HAL_Driver/stm32f4xx_hal_cortex.o
 .debug_line    0x00003322      0x918 Drivers/STM32F4xx_HAL_Driver/stm32f4xx_hal_gpio.o
 .debug_line    0x00003c3a      0x9f4 Drivers/STM32F4xx_HAL_Driver/stm32f4xx_hal_rcc.o
 .debug_line    0x0000462e     0x17f4 Drivers/STM32F4xx_HAL_Driver/stm32f4xx_hal_tim.o
 .debug_line    0x00005e22      0xd3a Drivers/STM32F4xx_HAL_Driver/stm32f4xx_hal_tim_ex.o

.debug_info     0x00000000     0xe1a5
 .debug_info    0x00000000       0x22 Application/SW4STM32/startup_stm32f429xx.o
 .debug_info    0x00000022     0x175a Application/User/main.o
 .debug_info    0x0000177c     0x1535 Application/User/stm32f4xx_hal_msp.o
 .debug_info    0x00002cb1      0xa03 Application/User/stm32f4xx_it.o
 .debug_info    0x000036b4      0xd43 Drivers/CMSIS/system_stm32f4xx.o
 .debug_info    0x000043f7     0x124d Drivers/STM32F4xx_HAL_Driver/stm32f4xx_hal.o
 .debug_info    0x00005644     0x178b Drivers/STM32F4xx_HAL_Driver/stm32f4xx_hal_cortex.o
 .debug_info    0x00006dcf      0xfad Drivers/STM32F4xx_HAL_Driver/stm32f4xx_hal_gpio.o
 .debug_info    0x00007d7c     0x1275 Drivers/STM32F4xx_HAL_Driver/stm32f4xx_hal_rcc.o
 .debug_info    0x00008ff1     0x368f Drivers/STM32F4xx_HAL_Driver/stm32f4xx_hal_tim.o
 .debug_info    0x0000c680     0x1b25 Drivers/STM32F4xx_HAL_Driver/stm32f4xx_hal_tim_ex.o

.debug_abbrev   0x00000000     0x1b87
 .debug_abbrev  0x00000000       0x12 Application/SW4STM32/startup_stm32f429xx.o
 .debug_abbrev  0x00000012      0x2be Application/User/main.o
 .debug_abbrev  0x000002d0      0x265 Application/User/stm32f4xx_hal_msp.o
 .debug_abbrev  0x00000535      0x1f8 Application/User/stm32f4xx_it.o
 .debug_abbrev  0x0000072d      0x205 Drivers/CMSIS/system_stm32f4xx.o
 .debug_abbrev  0x00000932      0x2e5 Drivers/STM32F4xx_HAL_Driver/stm32f4xx_hal.o
 .debug_abbrev  0x00000c17      0x3d6 Drivers/STM32F4xx_HAL_Driver/stm32f4xx_hal_cortex.o
 .debug_abbrev  0x00000fed      0x2a7 Drivers/STM32F4xx_HAL_Driver/stm32f4xx_hal_gpio.o
 .debug_abbrev  0x00001294      0x333 Drivers/STM32F4xx_HAL_Driver/stm32f4xx_hal_rcc.o
 .debug_abbrev  0x000015c7      0x2e0 Drivers/STM32F4xx_HAL_Driver/stm32f4xx_hal_tim.o
 .debug_abbrev  0x000018a7      0x2e0 Drivers/STM32F4xx_HAL_Driver/stm32f4xx_hal_tim_ex.o

.debug_aranges  0x00000000      0x840
 .debug_aranges
                0x00000000       0x28 Application/SW4STM32/startup_stm32f429xx.o
 .debug_aranges
                0x00000028       0x40 Application/User/main.o
 .debug_aranges
                0x00000068       0x30 Application/User/stm32f4xx_hal_msp.o
 .debug_aranges
                0x00000098       0x60 Application/User/stm32f4xx_it.o
 .debug_aranges
                0x000000f8       0x28 Drivers/CMSIS/system_stm32f4xx.o
 .debug_aranges
                0x00000120       0xf0 Drivers/STM32F4xx_HAL_Driver/stm32f4xx_hal.o
 .debug_aranges
                0x00000210       0xa8 Drivers/STM32F4xx_HAL_Driver/stm32f4xx_hal_cortex.o
 .debug_aranges
                0x000002b8       0x58 Drivers/STM32F4xx_HAL_Driver/stm32f4xx_hal_gpio.o
 .debug_aranges
                0x00000310       0x88 Drivers/STM32F4xx_HAL_Driver/stm32f4xx_hal_rcc.o
 .debug_aranges
                0x00000398      0x368 Drivers/STM32F4xx_HAL_Driver/stm32f4xx_hal_tim.o
 .debug_aranges
                0x00000700      0x140 Drivers/STM32F4xx_HAL_Driver/stm32f4xx_hal_tim_ex.o

.debug_str      0x00000000    0xcff70
 .debug_str     0x00000000       0x98 Application/SW4STM32/startup_stm32f429xx.o
 .debug_str     0x00000098    0xcdcc0 Application/User/main.o
                              0xce0a2 (size before relaxing)
 .debug_str     0x000cdd58      0x12c Application/User/stm32f4xx_hal_msp.o
                              0xcde62 (size before relaxing)
 .debug_str     0x000cde84       0xfe Application/User/stm32f4xx_it.o
                              0xcd396 (size before relaxing)
 .debug_str     0x000cdf82       0xe2 Drivers/CMSIS/system_stm32f4xx.o
                              0xcd489 (size before relaxing)
 .debug_str     0x000ce064      0x62e Drivers/STM32F4xx_HAL_Driver/stm32f4xx_hal.o
                              0xce097 (size before relaxing)
 .debug_str     0x000ce692      0x36b Drivers/STM32F4xx_HAL_Driver/stm32f4xx_hal_cortex.o
                              0xcdd8b (size before relaxing)
 .debug_str     0x000ce9fd      0x22d Drivers/STM32F4xx_HAL_Driver/stm32f4xx_hal_gpio.o
                              0xcd6cd (size before relaxing)
 .debug_str     0x000cec2a      0x237 Drivers/STM32F4xx_HAL_Driver/stm32f4xx_hal_rcc.o
                              0xcd897 (size before relaxing)
 .debug_str     0x000cee61      0xc68 Drivers/STM32F4xx_HAL_Driver/stm32f4xx_hal_tim.o
                              0xce4c2 (size before relaxing)
 .debug_str     0x000cfac9      0x4a7 Drivers/STM32F4xx_HAL_Driver/stm32f4xx_hal_tim_ex.o
                              0xcdd82 (size before relaxing)

.debug_ranges   0x00000000      0x810
 .debug_ranges  0x00000000       0x20 Application/SW4STM32/startup_stm32f429xx.o
 .debug_ranges  0x00000020       0x30 Application/User/main.o
 .debug_ranges  0x00000050       0x20 Application/User/stm32f4xx_hal_msp.o
 .debug_ranges  0x00000070       0x50 Application/User/stm32f4xx_it.o
 .debug_ranges  0x000000c0       0x18 Drivers/CMSIS/system_stm32f4xx.o
 .debug_ranges  0x000000d8       0xe0 Drivers/STM32F4xx_HAL_Driver/stm32f4xx_hal.o
 .debug_ranges  0x000001b8       0xf8 Drivers/STM32F4xx_HAL_Driver/stm32f4xx_hal_cortex.o
 .debug_ranges  0x000002b0       0x48 Drivers/STM32F4xx_HAL_Driver/stm32f4xx_hal_gpio.o
 .debug_ranges  0x000002f8       0x90 Drivers/STM32F4xx_HAL_Driver/stm32f4xx_hal_rcc.o
 .debug_ranges  0x00000388      0x358 Drivers/STM32F4xx_HAL_Driver/stm32f4xx_hal_tim.o
 .debug_ranges  0x000006e0      0x130 Drivers/STM32F4xx_HAL_Driver/stm32f4xx_hal_tim_ex.o

.debug_macro    0x00000000    0x2302c
 .debug_macro   0x00000000      0x320 Application/User/main.o
 .debug_macro   0x00000320      0xa60 Application/User/main.o
 .debug_macro   0x00000d80       0x10 Application/User/main.o
 .debug_macro   0x00000d90      0x17a Application/User/main.o
 .debug_macro   0x00000f0a       0x32 Application/User/main.o
 .debug_macro   0x00000f3c       0x28 Application/User/main.o
 .debug_macro   0x00000f64       0x22 Application/User/main.o
 .debug_macro   0x00000f86       0x87 Application/User/main.o
 .debug_macro   0x0000100d       0x51 Application/User/main.o
 .debug_macro   0x0000105e       0xef Application/User/main.o
 .debug_macro   0x0000114d       0x6a Application/User/main.o
 .debug_macro   0x000011b7      0x1df Application/User/main.o
 .debug_macro   0x00001396       0x35 Application/User/main.o
 .debug_macro   0x000013cb       0x50 Application/User/main.o
 .debug_macro   0x0000141b      0xe66 Application/User/main.o
 .debug_macro   0x00002281    0x17e1c Application/User/main.o
 .debug_macro   0x0001a09d       0x43 Application/User/main.o
 .debug_macro   0x0001a0e0     0x35a5 Application/User/main.o
 .debug_macro   0x0001d685       0x58 Application/User/main.o
 .debug_macro   0x0001d6dd       0x17 Application/User/main.o
 .debug_macro   0x0001d6f4       0x35 Application/User/main.o
 .debug_macro   0x0001d729       0x9c Application/User/main.o
 .debug_macro   0x0001d7c5       0x16 Application/User/main.o
 .debug_macro   0x0001d7db       0x97 Application/User/main.o
 .debug_macro   0x0001d872      0x330 Application/User/main.o
 .debug_macro   0x0001dba2       0xfd Application/User/main.o
 .debug_macro   0x0001dc9f       0x10 Application/User/main.o
 .debug_macro   0x0001dcaf       0x58 Application/User/main.o
 .debug_macro   0x0001dd07       0x1f Application/User/main.o
 .debug_macro   0x0001dd26       0x43 Application/User/main.o
 .debug_macro   0x0001dd69       0x20 Application/User/main.o
 .debug_macro   0x0001dd89      0x18e Application/User/main.o
 .debug_macro   0x0001df17       0x10 Application/User/main.o
 .debug_macro   0x0001df27       0x1c Application/User/main.o
 .debug_macro   0x0001df43       0x52 Application/User/main.o
 .debug_macro   0x0001df95       0x40 Application/User/main.o
 .debug_macro   0x0001dfd5       0x10 Application/User/main.o
 .debug_macro   0x0001dfe5       0x40 Application/User/main.o
 .debug_macro   0x0001e025       0xd7 Application/User/main.o
 .debug_macro   0x0001e0fc       0x1c Application/User/main.o
 .debug_macro   0x0001e118       0x3d Application/User/main.o
 .debug_macro   0x0001e155       0x16 Application/User/main.o
 .debug_macro   0x0001e16b      0x16f Application/User/main.o
 .debug_macro   0x0001e2da       0x50 Application/User/main.o
 .debug_macro   0x0001e32a      0xca5 Application/User/main.o
 .debug_macro   0x0001efcf      0xa02 Application/User/main.o
 .debug_macro   0x0001f9d1      0x11e Application/User/main.o
 .debug_macro   0x0001faef      0x15f Application/User/main.o
 .debug_macro   0x0001fc4e       0x27 Application/User/main.o
 .debug_macro   0x0001fc75      0x287 Application/User/main.o
 .debug_macro   0x0001fefc       0x5f Application/User/main.o
 .debug_macro   0x0001ff5b      0x23a Application/User/main.o
 .debug_macro   0x00020195      0x13a Application/User/main.o
 .debug_macro   0x000202cf      0x41d Application/User/main.o
 .debug_macro   0x000206ec       0x2e Application/User/main.o
 .debug_macro   0x0002071a      0x11e Application/User/main.o
 .debug_macro   0x00020838       0xe2 Application/User/main.o
 .debug_macro   0x0002091a       0x89 Application/User/main.o
 .debug_macro   0x000209a3      0x6e0 Application/User/main.o
 .debug_macro   0x00021083       0x59 Application/User/main.o
 .debug_macro   0x000210dc      0x14d Application/User/main.o
 .debug_macro   0x00021229      0x13b Application/User/main.o
 .debug_macro   0x00021364      0x31c Application/User/stm32f4xx_hal_msp.o
 .debug_macro   0x00021680      0x326 Application/User/stm32f4xx_it.o
 .debug_macro   0x000219a6      0x322 Drivers/CMSIS/system_stm32f4xx.o
 .debug_macro   0x00021cc8      0x37c Drivers/STM32F4xx_HAL_Driver/stm32f4xx_hal.o
 .debug_macro   0x00022044      0x31c Drivers/STM32F4xx_HAL_Driver/stm32f4xx_hal_cortex.o
 .debug_macro   0x00022360      0x354 Drivers/STM32F4xx_HAL_Driver/stm32f4xx_hal_gpio.o
 .debug_macro   0x000226b4      0x340 Drivers/STM32F4xx_HAL_Driver/stm32f4xx_hal_rcc.o
 .debug_macro   0x000229f4      0x31c Drivers/STM32F4xx_HAL_Driver/stm32f4xx_hal_tim.o
 .debug_macro   0x00022d10      0x31c Drivers/STM32F4xx_HAL_Driver/stm32f4xx_hal_tim_ex.o

.comment        0x00000000       0x7e
 .comment       0x00000000       0x7e Application/User/main.o
                                 0x7f (size before relaxing)
 .comment       0x0000007e       0x7f Application/User/stm32f4xx_hal_msp.o
 .comment       0x0000007e       0x7f Application/User/stm32f4xx_it.o
 .comment       0x0000007e       0x7f Drivers/CMSIS/system_stm32f4xx.o
 .comment       0x0000007e       0x7f Drivers/STM32F4xx_HAL_Driver/stm32f4xx_hal.o
 .comment       0x0000007e       0x7f Drivers/STM32F4xx_HAL_Driver/stm32f4xx_hal_cortex.o
 .comment       0x0000007e       0x7f Drivers/STM32F4xx_HAL_Driver/stm32f4xx_hal_gpio.o
 .comment       0x0000007e       0x7f Drivers/STM32F4xx_HAL_Driver/stm32f4xx_hal_rcc.o
 .comment       0x0000007e       0x7f Drivers/STM32F4xx_HAL_Driver/stm32f4xx_hal_tim.o
 .comment       0x0000007e       0x7f Drivers/STM32F4xx_HAL_Driver/stm32f4xx_hal_tim_ex.o

.debug_frame    0x00000000     0x1550
 .debug_frame   0x00000000       0x90 Application/User/main.o
 .debug_frame   0x00000090       0x64 Application/User/stm32f4xx_hal_msp.o
 .debug_frame   0x000000f4       0xa8 Application/User/stm32f4xx_it.o
 .debug_frame   0x0000019c       0x30 Drivers/CMSIS/system_stm32f4xx.o
 .debug_frame   0x000001cc      0x1ec Drivers/STM32F4xx_HAL_Driver/stm32f4xx_hal.o
 .debug_frame   0x000003b8      0x15c Drivers/STM32F4xx_HAL_Driver/stm32f4xx_hal_cortex.o
 .debug_frame   0x00000514       0xd8 Drivers/STM32F4xx_HAL_Driver/stm32f4xx_hal_gpio.o
 .debug_frame   0x000005ec      0x184 Drivers/STM32F4xx_HAL_Driver/stm32f4xx_hal_rcc.o
 .debug_frame   0x00000770      0x9d0 Drivers/STM32F4xx_HAL_Driver/stm32f4xx_hal_tim.o
 .debug_frame   0x00001140      0x384 Drivers/STM32F4xx_HAL_Driver/stm32f4xx_hal_tim_ex.o
 .debug_frame   0x000014c4       0x2c e:/s4w/plugins/fr.ac6.mcu.externaltools.arm-none.win32_1.16.0.201807130628/tools/compiler/bin/../lib/gcc/arm-none-eabi/7.2.1/thumb/v7e-m/fpv4-sp/hard\libgcc.a(_aeabi_uldivmod.o)
 .debug_frame   0x000014f0       0x34 e:/s4w/plugins/fr.ac6.mcu.externaltools.arm-none.win32_1.16.0.201807130628/tools/compiler/bin/../lib/gcc/arm-none-eabi/7.2.1/thumb/v7e-m/fpv4-sp/hard\libgcc.a(_udivmoddi4.o)
 .debug_frame   0x00001524       0x2c e:/s4w/plugins/fr.ac6.mcu.externaltools.arm-none.win32_1.16.0.201807130628/tools/compiler/bin/../lib/gcc/arm-none-eabi/7.2.1/../../../../arm-none-eabi/lib/thumb/v7e-m/fpv4-sp/hard\libc_nano.a(lib_a-init.o)

.debug_loc      0x00000000     0x55ce
 .debug_loc     0x00000000       0x5b Application/User/stm32f4xx_hal_msp.o
 .debug_loc     0x0000005b      0x13e Drivers/CMSIS/system_stm32f4xx.o
 .debug_loc     0x00000199       0xfd Drivers/STM32F4xx_HAL_Driver/stm32f4xx_hal.o
 .debug_loc     0x00000296      0x5ce Drivers/STM32F4xx_HAL_Driver/stm32f4xx_hal_cortex.o
 .debug_loc     0x00000864      0x469 Drivers/STM32F4xx_HAL_Driver/stm32f4xx_hal_gpio.o
 .debug_loc     0x00000ccd      0x3f1 Drivers/STM32F4xx_HAL_Driver/stm32f4xx_hal_rcc.o
 .debug_loc     0x000010be     0x3612 Drivers/STM32F4xx_HAL_Driver/stm32f4xx_hal_tim.o
 .debug_loc     0x000046d0      0xefe Drivers/STM32F4xx_HAL_Driver/stm32f4xx_hal_tim_ex.o
