Archive member included to satisfy reference by file (symbol)

e:/s4w/plugins/fr.ac6.mcu.externaltools.arm-none.win32_1.16.0.201807130628/tools/compiler/bin/../lib/gcc/arm-none-eabi/7.2.1/thumb/v7e-m/fpv4-sp/hard\libgcc.a(_aeabi_uldivmod.o)
                              Drivers/STM32F4xx_HAL_Driver/stm32f4xx_hal_rcc.o (__aeabi_uldivmod)
e:/s4w/plugins/fr.ac6.mcu.externaltools.arm-none.win32_1.16.0.201807130628/tools/compiler/bin/../lib/gcc/arm-none-eabi/7.2.1/thumb/v7e-m/fpv4-sp/hard\libgcc.a(_udivmoddi4.o)
                              e:/s4w/plugins/fr.ac6.mcu.externaltools.arm-none.win32_1.16.0.201807130628/tools/compiler/bin/../lib/gcc/arm-none-eabi/7.2.1/thumb/v7e-m/fpv4-sp/hard\libgcc.a(_aeabi_uldivmod.o) (__udivmoddi4)
e:/s4w/plugins/fr.ac6.mcu.externaltools.arm-none.win32_1.16.0.201807130628/tools/compiler/bin/../lib/gcc/arm-none-eabi/7.2.1/thumb/v7e-m/fpv4-sp/hard\libgcc.a(_dvmd_tls.o)
                              e:/s4w/plugins/fr.ac6.mcu.externaltools.arm-none.win32_1.16.0.201807130628/tools/compiler/bin/../lib/gcc/arm-none-eabi/7.2.1/thumb/v7e-m/fpv4-sp/hard\libgcc.a(_aeabi_uldivmod.o) (__aeabi_ldiv0)
e:/s4w/plugins/fr.ac6.mcu.externaltools.arm-none.win32_1.16.0.201807130628/tools/compiler/bin/../lib/gcc/arm-none-eabi/7.2.1/../../../../arm-none-eabi/lib/thumb/v7e-m/fpv4-sp/hard\libc_nano.a(lib_a-exit.o)
                              e:/s4w/plugins/fr.ac6.mcu.externaltools.arm-none.win32_1.16.0.201807130628/tools/compiler/bin/../lib/gcc/arm-none-eabi/7.2.1/../../../../arm-none-eabi/lib/thumb/v7e-m/fpv4-sp/hard/crt0.o (exit)
e:/s4w/plugins/fr.ac6.mcu.externaltools.arm-none.win32_1.16.0.201807130628/tools/compiler/bin/../lib/gcc/arm-none-eabi/7.2.1/../../../../arm-none-eabi/lib/thumb/v7e-m/fpv4-sp/hard\libc_nano.a(lib_a-impure.o)
                              e:/s4w/plugins/fr.ac6.mcu.externaltools.arm-none.win32_1.16.0.201807130628/tools/compiler/bin/../lib/gcc/arm-none-eabi/7.2.1/../../../../arm-none-eabi/lib/thumb/v7e-m/fpv4-sp/hard\libc_nano.a(lib_a-exit.o) (_global_impure_ptr)
e:/s4w/plugins/fr.ac6.mcu.externaltools.arm-none.win32_1.16.0.201807130628/tools/compiler/bin/../lib/gcc/arm-none-eabi/7.2.1/../../../../arm-none-eabi/lib/thumb/v7e-m/fpv4-sp/hard\libc_nano.a(lib_a-init.o)
                              e:/s4w/plugins/fr.ac6.mcu.externaltools.arm-none.win32_1.16.0.201807130628/tools/compiler/bin/../lib/gcc/arm-none-eabi/7.2.1/../../../../arm-none-eabi/lib/thumb/v7e-m/fpv4-sp/hard/crt0.o (__libc_init_array)
e:/s4w/plugins/fr.ac6.mcu.externaltools.arm-none.win32_1.16.0.201807130628/tools/compiler/bin/../lib/gcc/arm-none-eabi/7.2.1/../../../../arm-none-eabi/lib/thumb/v7e-m/fpv4-sp/hard\libc_nano.a(lib_a-memset.o)
                              e:/s4w/plugins/fr.ac6.mcu.externaltools.arm-none.win32_1.16.0.201807130628/tools/compiler/bin/../lib/gcc/arm-none-eabi/7.2.1/../../../../arm-none-eabi/lib/thumb/v7e-m/fpv4-sp/hard/crt0.o (memset)
e:/s4w/plugins/fr.ac6.mcu.externaltools.arm-none.win32_1.16.0.201807130628/tools/compiler/bin/../lib/gcc/arm-none-eabi/7.2.1/../../../../arm-none-eabi/lib/thumb/v7e-m/fpv4-sp/hard\libnosys.a(_exit.o)
                              e:/s4w/plugins/fr.ac6.mcu.externaltools.arm-none.win32_1.16.0.201807130628/tools/compiler/bin/../lib/gcc/arm-none-eabi/7.2.1/../../../../arm-none-eabi/lib/thumb/v7e-m/fpv4-sp/hard\libc_nano.a(lib_a-exit.o) (_exit)

Allocating common symbols
Common symbol       size              file

hdma_tim4_ch2       0x60              Application/User/main.o
htim4               0x3c              Application/User/main.o
uwTick              0x4               Drivers/STM32F4xx_HAL_Driver/stm32f4xx_hal.o
pFlash              0x20              Drivers/STM32F4xx_HAL_Driver/stm32f4xx_hal_flash.o

Discarded input sections

 .text          0x00000000        0x0 e:/s4w/plugins/fr.ac6.mcu.externaltools.arm-none.win32_1.16.0.201807130628/tools/compiler/bin/../lib/gcc/arm-none-eabi/7.2.1/thumb/v7e-m/fpv4-sp/hard/crti.o
 .data          0x00000000        0x0 e:/s4w/plugins/fr.ac6.mcu.externaltools.arm-none.win32_1.16.0.201807130628/tools/compiler/bin/../lib/gcc/arm-none-eabi/7.2.1/thumb/v7e-m/fpv4-sp/hard/crti.o
 .bss           0x00000000        0x0 e:/s4w/plugins/fr.ac6.mcu.externaltools.arm-none.win32_1.16.0.201807130628/tools/compiler/bin/../lib/gcc/arm-none-eabi/7.2.1/thumb/v7e-m/fpv4-sp/hard/crti.o
 .data          0x00000000        0x4 e:/s4w/plugins/fr.ac6.mcu.externaltools.arm-none.win32_1.16.0.201807130628/tools/compiler/bin/../lib/gcc/arm-none-eabi/7.2.1/thumb/v7e-m/fpv4-sp/hard/crtbegin.o
 .text          0x00000000       0x74 e:/s4w/plugins/fr.ac6.mcu.externaltools.arm-none.win32_1.16.0.201807130628/tools/compiler/bin/../lib/gcc/arm-none-eabi/7.2.1/../../../../arm-none-eabi/lib/thumb/v7e-m/fpv4-sp/hard/crt0.o
 .data          0x00000000        0x0 e:/s4w/plugins/fr.ac6.mcu.externaltools.arm-none.win32_1.16.0.201807130628/tools/compiler/bin/../lib/gcc/arm-none-eabi/7.2.1/../../../../arm-none-eabi/lib/thumb/v7e-m/fpv4-sp/hard/crt0.o
[...]
Memory Configuration

Name             Origin             Length             Attributes
RAM              0x20000000         0x00030000         xrw
CCMRAM           0x10000000         0x00010000         rw
FLASH            0x08000000         0x00200000         xr
*default*        0x00000000         0xffffffff

Linker script and memory map

LOAD e:/s4w/plugins/fr.ac6.mcu.externaltools.arm-none.win32_1.16.0.201807130628/tools/compiler/bin/../lib/gcc/arm-none-eabi/7.2.1/thumb/v7e-m/fpv4-sp/hard/crti.o
LOAD e:/s4w/plugins/fr.ac6.mcu.externaltools.arm-none.win32_1.16.0.201807130628/tools/compiler/bin/../lib/gcc/arm-none-eabi/7.2.1/thumb/v7e-m/fpv4-sp/hard/crtbegin.o
LOAD e:/s4w/plugins/fr.ac6.mcu.externaltools.arm-none.win32_1.16.0.201807130628/tools/compiler/bin/../lib/gcc/arm-none-eabi/7.2.1/../../../../arm-none-eabi/lib/thumb/v7e-m/fpv4-sp/hard/crt0.o
LOAD Application/SW4STM32/startup_stm32f429xx.o
LOAD Application/User/main.o
LOAD Application/User/stm32f4xx_hal_msp.o
LOAD Application/User/stm32f4xx_it.o
LOAD Drivers/CMSIS/system_stm32f4xx.o
LOAD Drivers/STM32F4xx_HAL_Driver/stm32f4xx_hal.o
LOAD Drivers/STM32F4xx_HAL_Driver/stm32f4xx_hal_cortex.o
LOAD Drivers/STM32F4xx_HAL_Driver/stm32f4xx_hal_dma.o
LOAD Drivers/STM32F4xx_HAL_Driver/stm32f4xx_hal_dma_ex.o
LOAD Drivers/STM32F4xx_HAL_Driver/stm32f4xx_hal_flash.o
LOAD Drivers/STM32F4xx_HAL_Driver/stm32f4xx_hal_flash_ex.o
LOAD Drivers/STM32F4xx_HAL_Driver/stm32f4xx_hal_flash_ramfunc.o
LOAD Drivers/STM32F4xx_HAL_Driver/stm32f4xx_hal_gpio.o
LOAD Drivers/STM32F4xx_HAL_Driver/stm32f4xx_hal_pwr.o
LOAD Drivers/STM32F4xx_HAL_Driver/stm32f4xx_hal_pwr_ex.o
LOAD Drivers/STM32F4xx_HAL_Driver/stm32f4xx_hal_rcc.o
LOAD Drivers/STM32F4xx_HAL_Driver/stm32f4xx_hal_rcc_ex.o
LOAD Drivers/STM32F4xx_HAL_Driver/stm32f4xx_hal_tim.o
LOAD Drivers/STM32F4xx_HAL_Driver/stm32f4xx_hal_tim_ex.o
LOAD e:/s4w/plugins/fr.ac6.mcu.externaltools.arm-none.win32_1.16.0.201807130628/tools/compiler/bin/../lib/gcc/arm-none-eabi/7.2.1/../../../../arm-none-eabi/lib/thumb/v7e-m/fpv4-sp/hard\libm.a
START GROUP
LOAD e:/s4w/plugins/fr.ac6.mcu.externaltools.arm-none.win32_1.16.0.201807130628/tools/compiler/bin/../lib/gcc/arm-none-eabi/7.2.1/thumb/v7e-m/fpv4-sp/hard\libgcc.a
LOAD e:/s4w/plugins/fr.ac6.mcu.externaltools.arm-none.win32_1.16.0.201807130628/tools/compiler/bin/../lib/gcc/arm-none-eabi/7.2.1/../../../../arm-none-eabi/lib/thumb/v7e-m/fpv4-sp/hard\libc_nano.a
END GROUP
START GROUP
LOAD e:/s4w/plugins/fr.ac6.mcu.externaltools.arm-none.win32_1.16.0.201807130628/tools/compiler/bin/../lib/gcc/arm-none-eabi/7.2.1/thumb/v7e-m/fpv4-sp/hard\libgcc.a
LOAD e:/s4w/plugins/fr.ac6.mcu.externaltools.arm-none.win32_1.16.0.201807130628/tools/compiler/bin/../lib/gcc/arm-none-eabi/7.2.1/../../../../arm-none-eabi/lib/thumb/v7e-m/fpv4-sp/hard\libc_nano.a
LOAD e:/s4w/plugins/fr.ac6.mcu.externaltools.arm-none.win32_1.16.0.201807130628/tools/compiler/bin/../lib/gcc/arm-none-eabi/7.2.1/../../../../arm-none-eabi/lib/thumb/v7e-m/fpv4-sp/hard\libnosys.a
END GROUP
START GROUP
LOAD e:/s4w/plugins/fr.ac6.mcu.externaltools.arm-none.win32_1.16.0.201807130628/tools/compiler/bin/../lib/gcc/arm-none-eabi/7.2.1/thumb/v7e-m/fpv4-sp/hard\libgcc.a
LOAD e:/s4w/plugins/fr.ac6.mcu.externaltools.arm-none.win32_1.16.0.201807130628/tools/compiler/bin/../lib/gcc/arm-none-eabi/7.2.1/../../../../arm-none-eabi/lib/thumb/v7e-m/fpv4-sp/hard\libc_nano.a
LOAD e:/s4w/plugins/fr.ac6.mcu.externaltools.arm-none.win32_1.16.0.201807130628/tools/compiler/bin/../lib/gcc/arm-none-eabi/7.2.1/../../../../arm-none-eabi/lib/thumb/v7e-m/fpv4-sp/hard\libnosys.a
END GROUP
LOAD e:/s4w/plugins/fr.ac6.mcu.externaltools.arm-none.win32_1.16.0.201807130628/tools/compiler/bin/../lib/gcc/arm-none-eabi/7.2.1/thumb/v7e-m/fpv4-sp/hard/crtend.o
LOAD e:/s4w/plugins/fr.ac6.mcu.externaltools.arm-none.win32_1.16.0.201807130628/tools/compiler/bin/../lib/gcc/arm-none-eabi/7.2.1/thumb/v7e-m/fpv4-sp/hard/crtn.o
                0x20030000                _estack = 0x20030000
                0x00000200                _Min_Heap_Size = 0x200
                0x00000400                _Min_Stack_Size = 0x400

.isr_vector     0x08000000      0x1ac
                0x08000000                . = ALIGN (0x4)
 *(.isr_vector)
 .isr_vector    0x08000000      0x1ac Application/SW4STM32/startup_stm32f429xx.o
                0x08000000                g_pfnVectors
                0x080001ac                . = ALIGN (0x4)

.text           0x080001ac     0x1e28
                0x080001ac                . = ALIGN (0x4)
 *(.text)
 .text          0x080001ac       0x40 e:/s4w/plugins/fr.ac6.mcu.externaltools.arm-none.win32_1.16.0.201807130628/tools/compiler/bin/../lib/gcc/arm-none-eabi/7.2.1/thumb/v7e-m/fpv4-sp/hard/crtbegin.o
 .text          0x080001ec       0x30 e:/s4w/plugins/fr.ac6.mcu.externaltools.arm-none.win32_1.16.0.201807130628/tools/compiler/bin/../lib/gcc/arm-none-eabi/7.2.1/thumb/v7e-m/fpv4-sp/hard\libgcc.a(_aeabi_uldivmod.o)
                0x080001ec                __aeabi_uldivmod
 .text          0x0800021c      0x2cc e:/s4w/plugins/fr.ac6.mcu.externaltools.arm-none.win32_1.16.0.201807130628/tools/compiler/bin/../lib/gcc/arm-none-eabi/7.2.1/thumb/v7e-m/fpv4-sp/hard\libgcc.a(_udivmoddi4.o)
                0x0800021c                __udivmoddi4
 .text          0x080004e8        0x4 e:/s4w/plugins/fr.ac6.mcu.externaltools.arm-none.win32_1.16.0.201807130628/tools/compiler/bin/../lib/gcc/arm-none-eabi/7.2.1/thumb/v7e-m/fpv4-sp/hard\libgcc.a(_dvmd_tls.o)
                0x080004e8                __aeabi_idiv0
                0x080004e8                __aeabi_ldiv0
 *(.text*)
 .text.Reset_Handler
                0x080004ec       0x50 Application/SW4STM32/startup_stm32f429xx.o
                0x080004ec                Reset_Handler
 .text.Default_Handler
                0x0800053c        0x2 Application/SW4STM32/startup_stm32f429xx.o
                0x0800053c                RTC_Alarm_IRQHandler
                0x0800053c                HASH_RNG_IRQHandler
                0x0800053c                EXTI2_IRQHandler
                0x0800053c                TIM8_CC_IRQHandler
                0x0800053c                UART8_IRQHandler
                0x0800053c                SPI4_IRQHandler
                0x0800053c                TIM1_CC_IRQHandler
                0x0800053c                DMA2_Stream5_IRQHandler
                0x0800053c                DMA1_Stream5_IRQHandler
                0x0800053c                PVD_IRQHandler
                0x0800053c                SDIO_IRQHandler
                0x0800053c                TAMP_STAMP_IRQHandler
                0x0800053c                CAN2_RX1_IRQHandler
                0x0800053c                EXTI3_IRQHandler
                0x0800053c                TIM8_TRG_COM_TIM14_IRQHandler
                0x0800053c                TIM1_UP_TIM10_IRQHandler
                0x0800053c                TIM8_UP_TIM13_IRQHandler
                0x0800053c                I2C3_ER_IRQHandler
                0x0800053c                EXTI0_IRQHandler
                0x0800053c                I2C2_EV_IRQHandler
                0x0800053c                DMA1_Stream2_IRQHandler
                0x0800053c                CAN1_RX0_IRQHandler
                0x0800053c                FPU_IRQHandler
                0x0800053c                OTG_HS_WKUP_IRQHandler
                0x0800053c                LTDC_ER_IRQHandler
                0x0800053c                CAN2_SCE_IRQHandler
                0x0800053c                DMA2_Stream2_IRQHandler
                0x0800053c                SPI1_IRQHandler
                0x0800053c                TIM6_DAC_IRQHandler
                0x0800053c                TIM1_BRK_TIM9_IRQHandler
                0x0800053c                DCMI_IRQHandler
                0x0800053c                CAN2_RX0_IRQHandler
                0x0800053c                DMA2_Stream3_IRQHandler
                0x0800053c                USART6_IRQHandler
                0x0800053c                USART3_IRQHandler
                0x0800053c                CAN1_RX1_IRQHandler
                0x0800053c                UART5_IRQHandler
                0x0800053c                DMA2_Stream0_IRQHandler
                0x0800053c                I2C1_EV_IRQHandler
                0x0800053c                DMA1_Stream6_IRQHandler
                0x0800053c                DMA1_Stream1_IRQHandler
                0x0800053c                UART4_IRQHandler
                0x0800053c                TIM3_IRQHandler
                0x0800053c                RCC_IRQHandler
                0x0800053c                TIM8_BRK_TIM12_IRQHandler
                0x0800053c                Default_Handler
                0x0800053c                EXTI15_10_IRQHandler
                0x0800053c                ADC_IRQHandler
                0x0800053c                DMA1_Stream7_IRQHandler
                0x0800053c                SPI5_IRQHandler
                0x0800053c                TIM7_IRQHandler
                0x0800053c                CAN2_TX_IRQHandler
                0x0800053c                TIM5_IRQHandler
                0x0800053c                DMA2_Stream7_IRQHandler
                0x0800053c                I2C3_EV_IRQHandler
                0x0800053c                EXTI9_5_IRQHandler
                0x0800053c                RTC_WKUP_IRQHandler
                0x0800053c                LTDC_IRQHandler
                0x0800053c                ETH_WKUP_IRQHandler
                0x0800053c                SPI2_IRQHandler
                0x0800053c                OTG_HS_EP1_IN_IRQHandler
                0x0800053c                DMA1_Stream0_IRQHandler
                0x0800053c                CAN1_TX_IRQHandler
                0x0800053c                EXTI4_IRQHandler
                0x0800053c                ETH_IRQHandler
                0x0800053c                OTG_HS_EP1_OUT_IRQHandler
                0x0800053c                WWDG_IRQHandler
                0x0800053c                SPI6_IRQHandler
                0x0800053c                TIM2_IRQHandler
                0x0800053c                OTG_FS_WKUP_IRQHandler
                0x0800053c                TIM1_TRG_COM_TIM11_IRQHandler
                0x0800053c                OTG_HS_IRQHandler
                0x0800053c                DMA2D_IRQHandler
                0x0800053c                EXTI1_IRQHandler
                0x0800053c                UART7_IRQHandler
                0x0800053c                USART2_IRQHandler
                0x0800053c                I2C2_ER_IRQHandler
                0x0800053c                DMA2_Stream1_IRQHandler
                0x0800053c                CAN1_SCE_IRQHandler
                0x0800053c                FLASH_IRQHandler
                0x0800053c                DMA2_Stream4_IRQHandler
                0x0800053c                USART1_IRQHandler
                0x0800053c                OTG_FS_IRQHandler
                0x0800053c                SPI3_IRQHandler
                0x0800053c                DMA1_Stream4_IRQHandler
                0x0800053c                I2C1_ER_IRQHandler
                0x0800053c                FMC_IRQHandler
                0x0800053c                DMA2_Stream6_IRQHandler
                0x0800053c                SAI1_IRQHandler
 *fill*         0x0800053e        0x2 
 .text.MX_GPIO_Init
                0x08000540       0x24 Application/User/main.o
 .text.MX_DMA_Init
                0x08000564       0x34 Application/User/main.o
 .text.HAL_SYSTICK_Callback
                0x08000598       0x4c Application/User/main.o
                0x08000598                HAL_SYSTICK_Callback
 .text._Error_Handler
                0x080005e4        0x2 Application/User/main.o
                0x080005e4                _Error_Handler
 *fill*         0x080005e6        0x2 
 .text.MX_TIM4_Init
                0x080005e8       0xa4 Application/User/main.o
 .text.SystemClock_Config
                0x0800068c       0xd0 Application/User/main.o
                0x0800068c                SystemClock_Config
 .text.main     0x0800075c       0x2c Application/User/main.o
                0x0800075c                main
 .text.HAL_MspInit
                0x08000788       0x94 Application/User/stm32f4xx_hal_msp.o
                0x08000788                HAL_MspInit
 .text.HAL_TIM_Base_MspInit
                0x0800081c       0x94 Application/User/stm32f4xx_hal_msp.o
                0x0800081c                HAL_TIM_Base_MspInit
 .text.HAL_TIM_MspPostInit
                0x080008b0       0x34 Application/User/stm32f4xx_hal_msp.o
                0x080008b0                HAL_TIM_MspPostInit
 .text.NMI_Handler
                0x080008e4        0x2 Application/User/stm32f4xx_it.o
                0x080008e4                NMI_Handler
 .text.HardFault_Handler
                0x080008e6        0x2 Application/User/stm32f4xx_it.o
                0x080008e6                HardFault_Handler
 .text.MemManage_Handler
                0x080008e8        0x2 Application/User/stm32f4xx_it.o
                0x080008e8                MemManage_Handler
 .text.BusFault_Handler
                0x080008ea        0x2 Application/User/stm32f4xx_it.o
                0x080008ea                BusFault_Handler
 .text.UsageFault_Handler
                0x080008ec        0x2 Application/User/stm32f4xx_it.o
                0x080008ec                UsageFault_Handler
 .text.SVC_Handler
                0x080008ee        0x2 Application/User/stm32f4xx_it.o
                0x080008ee                SVC_Handler
 .text.DebugMon_Handler
                0x080008f0        0x2 Application/User/stm32f4xx_it.o
                0x080008f0                DebugMon_Handler
 .text.PendSV_Handler
                0x080008f2        0x2 Application/User/stm32f4xx_it.o
                0x080008f2                PendSV_Handler
 .text.SysTick_Handler
                0x080008f4        0xc Application/User/stm32f4xx_it.o
                0x080008f4                SysTick_Handler
 .text.DMA1_Stream3_IRQHandler
                0x08000900       0x10 Application/User/stm32f4xx_it.o
                0x08000900                DMA1_Stream3_IRQHandler
 .text.TIM4_IRQHandler
                0x08000910       0x10 Application/User/stm32f4xx_it.o
                0x08000910                TIM4_IRQHandler
 .text.SystemInit
                0x08000920       0x4c Drivers/CMSIS/system_stm32f4xx.o
                0x08000920                SystemInit
 .text.HAL_InitTick
                0x0800096c       0x48 Drivers/STM32F4xx_HAL_Driver/stm32f4xx_hal.o
                0x0800096c                HAL_InitTick
 .text.HAL_Init
                0x080009b4       0x34 Drivers/STM32F4xx_HAL_Driver/stm32f4xx_hal.o
                0x080009b4                HAL_Init
 .text.HAL_IncTick
                0x080009e8       0x18 Drivers/STM32F4xx_HAL_Driver/stm32f4xx_hal.o
                0x080009e8                HAL_IncTick
 .text.HAL_GetTick
                0x08000a00        0xc Drivers/STM32F4xx_HAL_Driver/stm32f4xx_hal.o
                0x08000a00                HAL_GetTick
 .text.HAL_NVIC_SetPriorityGrouping
                0x08000a0c       0x24 Drivers/STM32F4xx_HAL_Driver/stm32f4xx_hal_cortex.o
                0x08000a0c                HAL_NVIC_SetPriorityGrouping
 .text.HAL_NVIC_SetPriority
                0x08000a30       0x68 Drivers/STM32F4xx_HAL_Driver/stm32f4xx_hal_cortex.o
                0x08000a30                HAL_NVIC_SetPriority
 .text.HAL_NVIC_EnableIRQ
                0x08000a98       0x18 Drivers/STM32F4xx_HAL_Driver/stm32f4xx_hal_cortex.o
                0x08000a98                HAL_NVIC_EnableIRQ
 .text.HAL_SYSTICK_Config
                0x08000ab0       0x2c Drivers/STM32F4xx_HAL_Driver/stm32f4xx_hal_cortex.o
                0x08000ab0                HAL_SYSTICK_Config
 .text.HAL_SYSTICK_CLKSourceConfig
                0x08000adc       0x20 Drivers/STM32F4xx_HAL_Driver/stm32f4xx_hal_cortex.o
                0x08000adc                HAL_SYSTICK_CLKSourceConfig
 .text.HAL_SYSTICK_IRQHandler
                0x08000afc        0x8 Drivers/STM32F4xx_HAL_Driver/stm32f4xx_hal_cortex.o
                0x08000afc                HAL_SYSTICK_IRQHandler
 .text.DMA_SetConfig
                0x08000b04       0x2c Drivers/STM32F4xx_HAL_Driver/stm32f4xx_hal_dma.o
 .text.DMA_CalcBaseAndBitshift
                0x08000b30       0x3c Drivers/STM32F4xx_HAL_Driver/stm32f4xx_hal_dma.o
 .text.DMA_CheckFifoParam
                0x08000b6c       0x8e Drivers/STM32F4xx_HAL_Driver/stm32f4xx_hal_dma.o
 *fill*         0x08000bfa        0x2 
 .text.HAL_DMA_Init
                0x08000bfc       0xcc Drivers/STM32F4xx_HAL_Driver/stm32f4xx_hal_dma.o
                0x08000bfc                HAL_DMA_Init
 .text.HAL_DMA_Start_IT
                0x08000cc8       0x74 Drivers/STM32F4xx_HAL_Driver/stm32f4xx_hal_dma.o
                0x08000cc8                HAL_DMA_Start_IT
 .text.HAL_DMA_IRQHandler
                0x08000d3c      0x1dc Drivers/STM32F4xx_HAL_Driver/stm32f4xx_hal_dma.o
                0x08000d3c                HAL_DMA_IRQHandler
 .text.HAL_GPIO_Init
                0x08000f18      0x1e0 Drivers/STM32F4xx_HAL_Driver/stm32f4xx_hal_gpio.o
                0x08000f18                HAL_GPIO_Init
 .text.HAL_PWREx_EnableOverDrive
                0x080010f8       0x80 Drivers/STM32F4xx_HAL_Driver/stm32f4xx_hal_pwr_ex.o
                0x080010f8                HAL_PWREx_EnableOverDrive
 .text.HAL_RCC_OscConfig
                0x08001178      0x398 Drivers/STM32F4xx_HAL_Driver/stm32f4xx_hal_rcc.o
                0x08001178                HAL_RCC_OscConfig
 .text.HAL_RCC_GetSysClockFreq
                0x08001510       0xa8 Drivers/STM32F4xx_HAL_Driver/stm32f4xx_hal_rcc.o
                0x08001510                HAL_RCC_GetSysClockFreq
 .text.HAL_RCC_ClockConfig
                0x080015b8      0x158 Drivers/STM32F4xx_HAL_Driver/stm32f4xx_hal_rcc.o
                0x080015b8                HAL_RCC_ClockConfig
 .text.HAL_RCC_GetHCLKFreq
                0x08001710        0xc Drivers/STM32F4xx_HAL_Driver/stm32f4xx_hal_rcc.o
                0x08001710                HAL_RCC_GetHCLKFreq
 .text.TIM_OC1_SetConfig
                0x0800171c       0x5c Drivers/STM32F4xx_HAL_Driver/stm32f4xx_hal_tim.o
 .text.TIM_OC3_SetConfig
                0x08001778       0x60 Drivers/STM32F4xx_HAL_Driver/stm32f4xx_hal_tim.o
 .text.TIM_OC4_SetConfig
                0x080017d8       0x50 Drivers/STM32F4xx_HAL_Driver/stm32f4xx_hal_tim.o
 .text.TIM_TI1_ConfigInputStage
                0x08001828       0x26 Drivers/STM32F4xx_HAL_Driver/stm32f4xx_hal_tim.o
 .text.TIM_TI2_ConfigInputStage
                0x0800184e       0x28 Drivers/STM32F4xx_HAL_Driver/stm32f4xx_hal_tim.o
 .text.TIM_ITRx_SetConfig
                0x08001876       0x10 Drivers/STM32F4xx_HAL_Driver/stm32f4xx_hal_tim.o
 .text.TIM_ETR_SetConfig
                0x08001886       0x18 Drivers/STM32F4xx_HAL_Driver/stm32f4xx_hal_tim.o
 .text.HAL_TIM_PWM_MspInit
                0x0800189e        0x2 Drivers/STM32F4xx_HAL_Driver/stm32f4xx_hal_tim.o
                0x0800189e                HAL_TIM_PWM_MspInit
 .text.HAL_TIM_ConfigClockSource
                0x080018a0      0x108 Drivers/STM32F4xx_HAL_Driver/stm32f4xx_hal_tim.o
                0x080018a0                HAL_TIM_ConfigClockSource
 .text.HAL_TIM_PeriodElapsedCallback
                0x080019a8        0x2 Drivers/STM32F4xx_HAL_Driver/stm32f4xx_hal_tim.o
                0x080019a8                HAL_TIM_PeriodElapsedCallback
 .text.HAL_TIM_OC_DelayElapsedCallback
                0x080019aa        0x2 Drivers/STM32F4xx_HAL_Driver/stm32f4xx_hal_tim.o
                0x080019aa                HAL_TIM_OC_DelayElapsedCallback
 .text.HAL_TIM_IC_CaptureCallback
                0x080019ac        0x2 Drivers/STM32F4xx_HAL_Driver/stm32f4xx_hal_tim.o
                0x080019ac                HAL_TIM_IC_CaptureCallback
 .text.HAL_TIM_PWM_PulseFinishedCallback
                0x080019ae        0x2 Drivers/STM32F4xx_HAL_Driver/stm32f4xx_hal_tim.o
                0x080019ae                HAL_TIM_PWM_PulseFinishedCallback
 .text.TIM_DMADelayPulseCplt
                0x080019b0       0x44 Drivers/STM32F4xx_HAL_Driver/stm32f4xx_hal_tim.o
                0x080019b0                TIM_DMADelayPulseCplt
 .text.HAL_TIM_TriggerCallback
                0x080019f4        0x2 Drivers/STM32F4xx_HAL_Driver/stm32f4xx_hal_tim.o
                0x080019f4                HAL_TIM_TriggerCallback
 .text.HAL_TIM_IRQHandler
                0x080019f6      0x17a Drivers/STM32F4xx_HAL_Driver/stm32f4xx_hal_tim.o
                0x080019f6                HAL_TIM_IRQHandler
 .text.HAL_TIM_ErrorCallback
                0x08001b70        0x2 Drivers/STM32F4xx_HAL_Driver/stm32f4xx_hal_tim.o
                0x08001b70                HAL_TIM_ErrorCallback
 .text.TIM_DMAError
                0x08001b72       0x10 Drivers/STM32F4xx_HAL_Driver/stm32f4xx_hal_tim.o
                0x08001b72                TIM_DMAError
 *fill*         0x08001b82        0x2 
 .text.TIM_Base_SetConfig
                0x08001b84       0xc0 Drivers/STM32F4xx_HAL_Driver/stm32f4xx_hal_tim.o
                0x08001b84                TIM_Base_SetConfig
 .text.HAL_TIM_Base_Init
                0x08001c44       0x32 Drivers/STM32F4xx_HAL_Driver/stm32f4xx_hal_tim.o
                0x08001c44                HAL_TIM_Base_Init
 .text.HAL_TIM_PWM_Init
                0x08001c76       0x32 Drivers/STM32F4xx_HAL_Driver/stm32f4xx_hal_tim.o
                0x08001c76                HAL_TIM_PWM_Init
 .text.TIM_OC2_SetConfig
                0x08001ca8       0x64 Drivers/STM32F4xx_HAL_Driver/stm32f4xx_hal_tim.o
                0x08001ca8                TIM_OC2_SetConfig
 .text.HAL_TIM_PWM_ConfigChannel
                0x08001d0c       0xdc Drivers/STM32F4xx_HAL_Driver/stm32f4xx_hal_tim.o
                0x08001d0c                HAL_TIM_PWM_ConfigChannel
 .text.TIM_CCxChannelCmd
                0x08001de8       0x1e Drivers/STM32F4xx_HAL_Driver/stm32f4xx_hal_tim.o
                0x08001de8                TIM_CCxChannelCmd
 *fill*         0x08001e06        0x2 
 .text.HAL_TIM_PWM_Start_DMA
                0x08001e08      0x114 Drivers/STM32F4xx_HAL_Driver/stm32f4xx_hal_tim.o
                0x08001e08                HAL_TIM_PWM_Start_DMA
 .text.HAL_TIMEx_MasterConfigSynchronization
                0x08001f1c       0x52 Drivers/STM32F4xx_HAL_Driver/stm32f4xx_hal_tim_ex.o
                0x08001f1c                HAL_TIMEx_MasterConfigSynchronization
 .text.HAL_TIMEx_CommutationCallback
                0x08001f6e        0x2 Drivers/STM32F4xx_HAL_Driver/stm32f4xx_hal_tim_ex.o
                0x08001f6e                HAL_TIMEx_CommutationCallback
 .text.HAL_TIMEx_BreakCallback
                0x08001f70        0x2 Drivers/STM32F4xx_HAL_Driver/stm32f4xx_hal_tim_ex.o
                0x08001f70                HAL_TIMEx_BreakCallback
 *fill*         0x08001f72        0x2 
 .text.__libc_init_array
                0x08001f74       0x48 e:/s4w/plugins/fr.ac6.mcu.externaltools.arm-none.win32_1.16.0.201807130628/tools/compiler/bin/../lib/gcc/arm-none-eabi/7.2.1/../../../../arm-none-eabi/lib/thumb/v7e-m/fpv4-sp/hard\libc_nano.a(lib_a-init.o)
                0x08001f74                __libc_init_array
 *(.glue_7)
 .glue_7        0x08001fbc        0x0 linker stubs
 *(.glue_7t)
 .glue_7t       0x08001fbc        0x0 linker stubs
 *(.eh_frame)
 .eh_frame      0x08001fbc        0x0 e:/s4w/plugins/fr.ac6.mcu.externaltools.arm-none.win32_1.16.0.201807130628/tools/compiler/bin/../lib/gcc/arm-none-eabi/7.2.1/thumb/v7e-m/fpv4-sp/hard/crtbegin.o
 *(.init)
 .init          0x08001fbc        0x4 e:/s4w/plugins/fr.ac6.mcu.externaltools.arm-none.win32_1.16.0.201807130628/tools/compiler/bin/../lib/gcc/arm-none-eabi/7.2.1/thumb/v7e-m/fpv4-sp/hard/crti.o
                0x08001fbc                _init
 .init          0x08001fc0        0x8 e:/s4w/plugins/fr.ac6.mcu.externaltools.arm-none.win32_1.16.0.201807130628/tools/compiler/bin/../lib/gcc/arm-none-eabi/7.2.1/thumb/v7e-m/fpv4-sp/hard/crtn.o
 *(.fini)
 .fini          0x08001fc8        0x4 e:/s4w/plugins/fr.ac6.mcu.externaltools.arm-none.win32_1.16.0.201807130628/tools/compiler/bin/../lib/gcc/arm-none-eabi/7.2.1/thumb/v7e-m/fpv4-sp/hard/crti.o
                0x08001fc8                _fini
 .fini          0x08001fcc        0x8 e:/s4w/plugins/fr.ac6.mcu.externaltools.arm-none.win32_1.16.0.201807130628/tools/compiler/bin/../lib/gcc/arm-none-eabi/7.2.1/thumb/v7e-m/fpv4-sp/hard/crtn.o
                0x08001fd4                . = ALIGN (0x4)
                0x08001fd4                _etext = .

.vfp11_veneer   0x08001fd4        0x0
 .vfp11_veneer  0x08001fd4        0x0 linker stubs

.v4_bx          0x08001fd4        0x0
 .v4_bx         0x08001fd4        0x0 linker stubs

.iplt           0x08001fd4        0x0
 .iplt          0x08001fd4        0x0 e:/s4w/plugins/fr.ac6.mcu.externaltools.arm-none.win32_1.16.0.201807130628/tools/compiler/bin/../lib/gcc/arm-none-eabi/7.2.1/thumb/v7e-m/fpv4-sp/hard/crtbegin.o

.rodata         0x08001fd4       0x8c
                0x08001fd4                . = ALIGN (0x4)
 *(.rodata)
 .rodata        0x08001fd4       0x18 Drivers/CMSIS/system_stm32f4xx.o
                0x08001fd4                AHBPrescTable
                0x08001fe4                APBPrescTable
 .rodata        0x08001fec        0x8 Drivers/STM32F4xx_HAL_Driver/stm32f4xx_hal_dma.o
 *(.rodata*)
 .rodata.str1.4
                0x08001ff4       0x2e Application/User/main.o
 *fill*         0x08002022        0x2 
 .rodata.str1.4
                0x08002024       0x3c Application/User/stm32f4xx_hal_msp.o
                                 0x3b (size before relaxing)
                0x08002060                . = ALIGN (0x4)

.ARM.extab
 *(.ARM.extab* .gnu.linkonce.armextab.*)

.ARM            0x08002060        0x8
                0x08002060                __exidx_start = .
 *(.ARM.exidx*)
 .ARM.exidx     0x08002060        0x8 e:/s4w/plugins/fr.ac6.mcu.externaltools.arm-none.win32_1.16.0.201807130628/tools/compiler/bin/../lib/gcc/arm-none-eabi/7.2.1/thumb/v7e-m/fpv4-sp/hard\libgcc.a(_udivmoddi4.o)
                0x08002068                __exidx_end = .

.rel.dyn        0x08002068        0x0
 .rel.iplt      0x08002068        0x0 e:/s4w/plugins/fr.ac6.mcu.externaltools.arm-none.win32_1.16.0.201807130628/tools/compiler/bin/../lib/gcc/arm-none-eabi/7.2.1/thumb/v7e-m/fpv4-sp/hard/crtbegin.o

.preinit_array  0x08002068        0x0
                0x08002068                PROVIDE (__preinit_array_start, .)
 *(.preinit_array*)
                0x08002068                PROVIDE (__preinit_array_end, .)

.init_array     0x08002068        0x4
                0x08002068                PROVIDE (__init_array_start, .)
 *(SORT_BY_NAME(.init_array.*))
 *(.init_array*)
 .init_array    0x08002068        0x4 e:/s4w/plugins/fr.ac6.mcu.externaltools.arm-none.win32_1.16.0.201807130628/tools/compiler/bin/../lib/gcc/arm-none-eabi/7.2.1/thumb/v7e-m/fpv4-sp/hard/crtbegin.o
                0x0800206c                PROVIDE (__init_array_end, .)

.fini_array     0x0800206c        0x4
                [!provide]                PROVIDE (__fini_array_start, .)
 *(SORT_BY_NAME(.fini_array.*))
 *(.fini_array*)
 .fini_array    0x0800206c        0x4 e:/s4w/plugins/fr.ac6.mcu.externaltools.arm-none.win32_1.16.0.201807130628/tools/compiler/bin/../lib/gcc/arm-none-eabi/7.2.1/thumb/v7e-m/fpv4-sp/hard/crtbegin.o
                [!provide]                PROVIDE (__fini_array_end, .)
                0x08002070                _sidata = LOADADDR (.data)

.data           0x20000000       0x10 load address 0x08002070
                0x20000000                . = ALIGN (0x4)
                0x20000000                _sdata = .
 *(.data)
 .data          0x20000000        0x1 Application/User/main.o
 *fill*         0x20000001        0x3 
 .data          0x20000004        0x4 Drivers/CMSIS/system_stm32f4xx.o
                0x20000004                SystemCoreClock
 .data          0x20000008        0x8 Drivers/STM32F4xx_HAL_Driver/stm32f4xx_hal.o
                0x20000008                uwTickFreq
                0x2000000c                uwTickPrio
 *(.data*)
                0x20000010                . = ALIGN (0x4)
                0x20000010                _edata = .
                0x08002080                _siccmram = LOADADDR (.ccmram)

.igot.plt       0x20000010        0x0 load address 0x08002080
 .igot.plt      0x20000010        0x0 e:/s4w/plugins/fr.ac6.mcu.externaltools.arm-none.win32_1.16.0.201807130628/tools/compiler/bin/../lib/gcc/arm-none-eabi/7.2.1/thumb/v7e-m/fpv4-sp/hard/crtbegin.o

.ccmram         0x10000000        0x0 load address 0x08002080
                0x10000000                . = ALIGN (0x4)
                0x10000000                _sccmram = .
 *(.ccmram)
 *(.ccmram*)
                0x10000000                . = ALIGN (0x4)
                0x10000000                _eccmram = .
                0x10000000                . = ALIGN (0x4)

.bss            0x20000010       0xc4
                0x20000010                _sbss = .
                0x20000010                __bss_start__ = _sbss
 *(.bss)
 .bss           0x20000010       0x1c e:/s4w/plugins/fr.ac6.mcu.externaltools.arm-none.win32_1.16.0.201807130628/tools/compiler/bin/../lib/gcc/arm-none-eabi/7.2.1/thumb/v7e-m/fpv4-sp/hard/crtbegin.o
 .bss           0x2000002c        0x8 Application/User/main.o
                0x20000030                Duty
 *(.bss*)
 *(COMMON)
 COMMON         0x20000034       0x9c Application/User/main.o
                0x20000034                hdma_tim4_ch2
                0x20000094                htim4
 COMMON         0x200000d0        0x4 Drivers/STM32F4xx_HAL_Driver/stm32f4xx_hal.o
                0x200000d0                uwTick
                0x200000d4                . = ALIGN (0x4)
                0x200000d4                _ebss = .
                0x200000d4                __bss_end__ = _ebss

._user_heap_stack
                0x200000d4      0x604
                0x200000d8                . = ALIGN (0x8)
 *fill*         0x200000d4        0x4 
                [!provide]                PROVIDE (end, .)
                [!provide]                PROVIDE (_end, .)
                0x200002d8                . = (. + _Min_Heap_Size)
 *fill*         0x200000d8      0x200 
                0x200006d8                . = (. + _Min_Stack_Size)
 *fill*         0x200002d8      0x400 
                0x200006d8                . = ALIGN (0x8)

/DISCARD/
 libc.a(*)
 libm.a(*)
 libgcc.a(*)

.ARM.attributes
                0x00000000       0x30
 *(.ARM.attributes)
 .ARM.attributes
                0x00000000       0x22 e:/s4w/plugins/fr.ac6.mcu.externaltools.arm-none.win32_1.16.0.201807130628/tools/compiler/bin/../lib/gcc/arm-none-eabi/7.2.1/thumb/v7e-m/fpv4-sp/hard/crti.o
 .ARM.attributes
                0x00000022       0x34 e:/s4w/plugins/fr.ac6.mcu.externaltools.arm-none.win32_1.16.0.201807130628/tools/compiler/bin/../lib/gcc/arm-none-eabi/7.2.1/thumb/v7e-m/fpv4-sp/hard/crtbegin.o
 .ARM.attributes
                0x00000056       0x21 Application/SW4STM32/startup_stm32f429xx.o
 .ARM.attributes
                0x00000077       0x39 Application/User/main.o
 .ARM.attributes
                0x000000b0       0x39 Application/User/stm32f4xx_hal_msp.o
 .ARM.attributes
                0x000000e9       0x39 Application/User/stm32f4xx_it.o
 .ARM.attributes
                0x00000122       0x39 Drivers/CMSIS/system_stm32f4xx.o
 .ARM.attributes
                0x0000015b       0x39 Drivers/STM32F4xx_HAL_Driver/stm32f4xx_hal.o
 .ARM.attributes
                0x00000194       0x39 Drivers/STM32F4xx_HAL_Driver/stm32f4xx_hal_cortex.o
 .ARM.attributes
                0x000001cd       0x39 Drivers/STM32F4xx_HAL_Driver/stm32f4xx_hal_dma.o
 .ARM.attributes
                0x00000206       0x39 Drivers/STM32F4xx_HAL_Driver/stm32f4xx_hal_gpio.o
 .ARM.attributes
                0x0000023f       0x39 Drivers/STM32F4xx_HAL_Driver/stm32f4xx_hal_pwr_ex.o
 .ARM.attributes
                0x00000278       0x39 Drivers/STM32F4xx_HAL_Driver/stm32f4xx_hal_rcc.o
 .ARM.attributes
                0x000002b1       0x39 Drivers/STM32F4xx_HAL_Driver/stm32f4xx_hal_tim.o
 .ARM.attributes
                0x000002ea       0x39 Drivers/STM32F4xx_HAL_Driver/stm32f4xx_hal_tim_ex.o
 .ARM.attributes
                0x00000323       0x22 e:/s4w/plugins/fr.ac6.mcu.externaltools.arm-none.win32_1.16.0.201807130628/tools/compiler/bin/../lib/gcc/arm-none-eabi/7.2.1/thumb/v7e-m/fpv4-sp/hard\libgcc.a(_aeabi_uldivmod.o)
 .ARM.attributes
                0x00000345       0x34 e:/s4w/plugins/fr.ac6.mcu.externaltools.arm-none.win32_1.16.0.201807130628/tools/compiler/bin/../lib/gcc/arm-none-eabi/7.2.1/thumb/v7e-m/fpv4-sp/hard\libgcc.a(_udivmoddi4.o)
 .ARM.attributes
                0x00000379       0x22 e:/s4w/plugins/fr.ac6.mcu.externaltools.arm-none.win32_1.16.0.201807130628/tools/compiler/bin/../lib/gcc/arm-none-eabi/7.2.1/thumb/v7e-m/fpv4-sp/hard\libgcc.a(_dvmd_tls.o)
 .ARM.attributes
                0x0000039b       0x34 e:/s4w/plugins/fr.ac6.mcu.externaltools.arm-none.win32_1.16.0.201807130628/tools/compiler/bin/../lib/gcc/arm-none-eabi/7.2.1/../../../../arm-none-eabi/lib/thumb/v7e-m/fpv4-sp/hard\libc_nano.a(lib_a-init.o)
 .ARM.attributes
                0x000003cf       0x22 e:/s4w/plugins/fr.ac6.mcu.externaltools.arm-none.win32_1.16.0.201807130628/tools/compiler/bin/../lib/gcc/arm-none-eabi/7.2.1/thumb/v7e-m/fpv4-sp/hard/crtn.o
OUTPUT(PWM1_CubeMX.elf elf32-littlearm)

.debug_line     0x00000000     0x7e21
 .debug_line    0x00000000       0xa0 Application/SW4STM32/startup_stm32f429xx.o
 .debug_line    0x000000a0      0x80c Application/User/main.o
 .debug_line    0x000008ac      0x7c4 Application/User/stm32f4xx_hal_msp.o
 .debug_line    0x00001070      0x817 Application/User/stm32f4xx_it.o
 .debug_line    0x00001887      0x794 Drivers/CMSIS/system_stm32f4xx.o
 .debug_line    0x0000201b      0x971 Drivers/STM32F4xx_HAL_Driver/stm32f4xx_hal.o
 .debug_line    0x0000298c      0x9a8 Drivers/STM32F4xx_HAL_Driver/stm32f4xx_hal_cortex.o
 .debug_line    0x00003334      0xa93 Drivers/STM32F4xx_HAL_Driver/stm32f4xx_hal_dma.o
 .debug_line    0x00003dc7      0x906 Drivers/STM32F4xx_HAL_Driver/stm32f4xx_hal_gpio.o
 .debug_line    0x000046cd      0x868 Drivers/STM32F4xx_HAL_Driver/stm32f4xx_hal_pwr_ex.o
 .debug_line    0x00004f35      0x9e2 Drivers/STM32F4xx_HAL_Driver/stm32f4xx_hal_rcc.o
 .debug_line    0x00005917     0x17e2 Drivers/STM32F4xx_HAL_Driver/stm32f4xx_hal_tim.o
 .debug_line    0x000070f9      0xd28 Drivers/STM32F4xx_HAL_Driver/stm32f4xx_hal_tim_ex.o

.debug_info     0x00000000    0x10c2c
 .debug_info    0x00000000       0x22 Application/SW4STM32/startup_stm32f429xx.o
 .debug_info    0x00000022     0x1957 Application/User/main.o
 .debug_info    0x00001979     0x160b Application/User/stm32f4xx_hal_msp.o
 .debug_info    0x00002f84      0xf2b Application/User/stm32f4xx_it.o
 .debug_info    0x00003eaf      0xd43 Drivers/CMSIS/system_stm32f4xx.o
 .debug_info    0x00004bf2     0x124d Drivers/STM32F4xx_HAL_Driver/stm32f4xx_hal.o
 .debug_info    0x00005e3f     0x178b Drivers/STM32F4xx_HAL_Driver/stm32f4xx_hal_cortex.o
 .debug_info    0x000075ca     0x127b Drivers/STM32F4xx_HAL_Driver/stm32f4xx_hal_dma.o
 .debug_info    0x00008845      0xfad Drivers/STM32F4xx_HAL_Driver/stm32f4xx_hal_gpio.o
 .debug_info    0x000097f2     0x1011 Drivers/STM32F4xx_HAL_Driver/stm32f4xx_hal_pwr_ex.o
 .debug_info    0x0000a803     0x1275 Drivers/STM32F4xx_HAL_Driver/stm32f4xx_hal_rcc.o
 .debug_info    0x0000ba78     0x368f Drivers/STM32F4xx_HAL_Driver/stm32f4xx_hal_tim.o
 .debug_info    0x0000f107     0x1b25 Drivers/STM32F4xx_HAL_Driver/stm32f4xx_hal_tim_ex.o

.debug_abbrev   0x00000000     0x21e4
 .debug_abbrev  0x00000000       0x12 Application/SW4STM32/startup_stm32f429xx.o
 .debug_abbrev  0x00000012      0x2e7 Application/User/main.o
 .debug_abbrev  0x000002f9      0x270 Application/User/stm32f4xx_hal_msp.o
 .debug_abbrev  0x00000569      0x232 Application/User/stm32f4xx_it.o
 .debug_abbrev  0x0000079b      0x205 Drivers/CMSIS/system_stm32f4xx.o
 .debug_abbrev  0x000009a0      0x2e5 Drivers/STM32F4xx_HAL_Driver/stm32f4xx_hal.o
 .debug_abbrev  0x00000c85      0x3d6 Drivers/STM32F4xx_HAL_Driver/stm32f4xx_hal_cortex.o
 .debug_abbrev  0x0000105b      0x32a Drivers/STM32F4xx_HAL_Driver/stm32f4xx_hal_dma.o
 .debug_abbrev  0x00001385      0x2a7 Drivers/STM32F4xx_HAL_Driver/stm32f4xx_hal_gpio.o
 .debug_abbrev  0x0000162c      0x2c5 Drivers/STM32F4xx_HAL_Driver/stm32f4xx_hal_pwr_ex.o
 .debug_abbrev  0x000018f1      0x333 Drivers/STM32F4xx_HAL_Driver/stm32f4xx_hal_rcc.o
 .debug_abbrev  0x00001c24      0x2e0 Drivers/STM32F4xx_HAL_Driver/stm32f4xx_hal_tim.o
 .debug_abbrev  0x00001f04      0x2e0 Drivers/STM32F4xx_HAL_Driver/stm32f4xx_hal_tim_ex.o

.debug_aranges  0x00000000      0x958
 .debug_aranges
                0x00000000       0x28 Application/SW4STM32/startup_stm32f429xx.o
 .debug_aranges
                0x00000028       0x50 Application/User/main.o
 .debug_aranges
                0x00000078       0x38 Application/User/stm32f4xx_hal_msp.o
 .debug_aranges
                0x000000b0       0x70 Application/User/stm32f4xx_it.o
 .debug_aranges
                0x00000120       0x28 Drivers/CMSIS/system_stm32f4xx.o
 .debug_aranges
                0x00000148       0xf0 Drivers/STM32F4xx_HAL_Driver/stm32f4xx_hal.o
 .debug_aranges
                0x00000238       0xa8 Drivers/STM32F4xx_HAL_Driver/stm32f4xx_hal_cortex.o
 .debug_aranges
                0x000002e0       0x90 Drivers/STM32F4xx_HAL_Driver/stm32f4xx_hal_dma.o
 .debug_aranges
                0x00000370       0x58 Drivers/STM32F4xx_HAL_Driver/stm32f4xx_hal_gpio.o
 .debug_aranges
                0x000003c8       0x60 Drivers/STM32F4xx_HAL_Driver/stm32f4xx_hal_pwr_ex.o
 .debug_aranges
                0x00000428       0x88 Drivers/STM32F4xx_HAL_Driver/stm32f4xx_hal_rcc.o
 .debug_aranges
                0x000004b0      0x368 Drivers/STM32F4xx_HAL_Driver/stm32f4xx_hal_tim.o
 .debug_aranges
                0x00000818      0x140 Drivers/STM32F4xx_HAL_Driver/stm32f4xx_hal_tim_ex.o

.debug_str      0x00000000    0xd0441
 .debug_str     0x00000000       0x8f Application/SW4STM32/startup_stm32f429xx.o
 .debug_str     0x0000008f    0xcdd8a Application/User/main.o
                              0xce180 (size before relaxing)
 .debug_str     0x000cde19      0x150 Application/User/stm32f4xx_hal_msp.o
                              0xcdedf (size before relaxing)
 .debug_str     0x000cdf69      0x149 Application/User/stm32f4xx_it.o
                              0xcd7fc (size before relaxing)
 .debug_str     0x000ce0b2       0xdf Drivers/CMSIS/system_stm32f4xx.o
                              0xcd480 (size before relaxing)
 .debug_str     0x000ce191      0x62b Drivers/STM32F4xx_HAL_Driver/stm32f4xx_hal.o
                              0xce08e (size before relaxing)
 .debug_str     0x000ce7bc      0x32c Drivers/STM32F4xx_HAL_Driver/stm32f4xx_hal_cortex.o
                              0xcdd82 (size before relaxing)
 .debug_str     0x000ceae8      0x316 Drivers/STM32F4xx_HAL_Driver/stm32f4xx_hal_dma.o
                              0xcd893 (size before relaxing)
 .debug_str     0x000cedfe      0x23a Drivers/STM32F4xx_HAL_Driver/stm32f4xx_hal_gpio.o
                              0xcd6c4 (size before relaxing)
 .debug_str     0x000cf038      0x161 Drivers/STM32F4xx_HAL_Driver/stm32f4xx_hal_pwr_ex.o
                              0xcd680 (size before relaxing)
 .debug_str     0x000cf199      0x234 Drivers/STM32F4xx_HAL_Driver/stm32f4xx_hal_rcc.o
                              0xcd88e (size before relaxing)
 .debug_str     0x000cf3cd      0xbd0 Drivers/STM32F4xx_HAL_Driver/stm32f4xx_hal_tim.o
                              0xce4b9 (size before relaxing)
 .debug_str     0x000cff9d      0x4a4 Drivers/STM32F4xx_HAL_Driver/stm32f4xx_hal_tim_ex.o
                              0xcdd79 (size before relaxing)

.debug_ranges   0x00000000      0x908
 .debug_ranges  0x00000000       0x20 Application/SW4STM32/startup_stm32f429xx.o
 .debug_ranges  0x00000020       0x40 Application/User/main.o
 .debug_ranges  0x00000060       0x28 Application/User/stm32f4xx_hal_msp.o
 .debug_ranges  0x00000088       0x60 Application/User/stm32f4xx_it.o
 .debug_ranges  0x000000e8       0x18 Drivers/CMSIS/system_stm32f4xx.o
 .debug_ranges  0x00000100       0xe0 Drivers/STM32F4xx_HAL_Driver/stm32f4xx_hal.o
 .debug_ranges  0x000001e0       0xf8 Drivers/STM32F4xx_HAL_Driver/stm32f4xx_hal_cortex.o
 .debug_ranges  0x000002d8       0x80 Drivers/STM32F4xx_HAL_Driver/stm32f4xx_hal_dma.o
 .debug_ranges  0x00000358       0x48 Drivers/STM32F4xx_HAL_Driver/stm32f4xx_hal_gpio.o
 .debug_ranges  0x000003a0       0x50 Drivers/STM32F4xx_HAL_Driver/stm32f4xx_hal_pwr_ex.o
 .debug_ranges  0x000003f0       0x90 Drivers/STM32F4xx_HAL_Driver/stm32f4xx_hal_rcc.o
 .debug_ranges  0x00000480      0x358 Drivers/STM32F4xx_HAL_Driver/stm32f4xx_hal_tim.o
 .debug_ranges  0x000007d8      0x130 Drivers/STM32F4xx_HAL_Driver/stm32f4xx_hal_tim_ex.o

.debug_macro    0x00000000    0x23683
 .debug_macro   0x00000000      0x320 Application/User/main.o
 .debug_macro   0x00000320      0xa60 Application/User/main.o
 .debug_macro   0x00000d80       0x10 Application/User/main.o
 .debug_macro   0x00000d90      0x17a Application/User/main.o
 .debug_macro   0x00000f0a       0x32 Application/User/main.o
 .debug_macro   0x00000f3c       0x28 Application/User/main.o
 .debug_macro   0x00000f64       0x22 Application/User/main.o
 .debug_macro   0x00000f86       0x87 Application/User/main.o
 .debug_macro   0x0000100d       0x51 Application/User/main.o
 .debug_macro   0x0000105e       0xef Application/User/main.o
 .debug_macro   0x0000114d       0x6a Application/User/main.o
 .debug_macro   0x000011b7      0x1df Application/User/main.o
 .debug_macro   0x00001396       0x35 Application/User/main.o
 .debug_macro   0x000013cb       0x50 Application/User/main.o
 .debug_macro   0x0000141b      0xe66 Application/User/main.o
 .debug_macro   0x00002281    0x17e1c Application/User/main.o
 .debug_macro   0x0001a09d       0x43 Application/User/main.o
 .debug_macro   0x0001a0e0     0x35a5 Application/User/main.o
 .debug_macro   0x0001d685       0x58 Application/User/main.o
 .debug_macro   0x0001d6dd       0x17 Application/User/main.o
 .debug_macro   0x0001d6f4       0x35 Application/User/main.o
 .debug_macro   0x0001d729       0x9c Application/User/main.o
 .debug_macro   0x0001d7c5       0x16 Application/User/main.o
 .debug_macro   0x0001d7db       0x97 Application/User/main.o
 .debug_macro   0x0001d872      0x330 Application/User/main.o
 .debug_macro   0x0001dba2       0xfd Application/User/main.o
 .debug_macro   0x0001dc9f       0x10 Application/User/main.o
 .debug_macro   0x0001dcaf       0x58 Application/User/main.o
 .debug_macro   0x0001dd07       0x1f Application/User/main.o
 .debug_macro   0x0001dd26       0x43 Application/User/main.o
 .debug_macro   0x0001dd69       0x20 Application/User/main.o
 .debug_macro   0x0001dd89      0x18e Application/User/main.o
 .debug_macro   0x0001df17       0x10 Application/User/main.o
 .debug_macro   0x0001df27       0x1c Application/User/main.o
 .debug_macro   0x0001df43       0x52 Application/User/main.o
 .debug_macro   0x0001df95       0x40 Application/User/main.o
 .debug_macro   0x0001dfd5       0x10 Application/User/main.o
 .debug_macro   0x0001dfe5       0x40 Application/User/main.o
 .debug_macro   0x0001e025       0xd7 Application/User/main.o
 .debug_macro   0x0001e0fc       0x1c Application/User/main.o
 .debug_macro   0x0001e118       0x3d Application/User/main.o
 .debug_macro   0x0001e155       0x16 Application/User/main.o
 .debug_macro   0x0001e16b      0x16f Application/User/main.o
 .debug_macro   0x0001e2da       0x50 Application/User/main.o
 .debug_macro   0x0001e32a      0xca5 Application/User/main.o
 .debug_macro   0x0001efcf      0xa02 Application/User/main.o
 .debug_macro   0x0001f9d1      0x11e Application/User/main.o
 .debug_macro   0x0001faef      0x15f Application/User/main.o
 .debug_macro   0x0001fc4e       0x27 Application/User/main.o
 .debug_macro   0x0001fc75      0x287 Application/User/main.o
 .debug_macro   0x0001fefc       0x5f Application/User/main.o
 .debug_macro   0x0001ff5b      0x23a Application/User/main.o
 .debug_macro   0x00020195      0x13a Application/User/main.o
 .debug_macro   0x000202cf      0x41d Application/User/main.o
 .debug_macro   0x000206ec       0x2e Application/User/main.o
 .debug_macro   0x0002071a      0x11e Application/User/main.o
 .debug_macro   0x00020838       0xe2 Application/User/main.o
 .debug_macro   0x0002091a       0x89 Application/User/main.o
 .debug_macro   0x000209a3      0x6e0 Application/User/main.o
 .debug_macro   0x00021083       0x59 Application/User/main.o
 .debug_macro   0x000210dc      0x14d Application/User/main.o
 .debug_macro   0x00021229      0x13b Application/User/main.o
 .debug_macro   0x00021364      0x31c Application/User/stm32f4xx_hal_msp.o
 .debug_macro   0x00021680      0x326 Application/User/stm32f4xx_it.o
 .debug_macro   0x000219a6      0x322 Drivers/CMSIS/system_stm32f4xx.o
 .debug_macro   0x00021cc8      0x37c Drivers/STM32F4xx_HAL_Driver/stm32f4xx_hal.o
 .debug_macro   0x00022044      0x31c Drivers/STM32F4xx_HAL_Driver/stm32f4xx_hal_cortex.o
 .debug_macro   0x00022360      0x323 Drivers/STM32F4xx_HAL_Driver/stm32f4xx_hal_dma.o
 .debug_macro   0x00022683      0x354 Drivers/STM32F4xx_HAL_Driver/stm32f4xx_hal_gpio.o
 .debug_macro   0x000229d7      0x334 Drivers/STM32F4xx_HAL_Driver/stm32f4xx_hal_pwr_ex.o
 .debug_macro   0x00022d0b      0x340 Drivers/STM32F4xx_HAL_Driver/stm32f4xx_hal_rcc.o
 .debug_macro   0x0002304b      0x31c Drivers/STM32F4xx_HAL_Driver/stm32f4xx_hal_tim.o
 .debug_macro   0x00023367      0x31c Drivers/STM32F4xx_HAL_Driver/stm32f4xx_hal_tim_ex.o

.comment        0x00000000       0x7e
 .comment       0x00000000       0x7e Application/User/main.o
                                 0x7f (size before relaxing)
 .comment       0x0000007e       0x7f Application/User/stm32f4xx_hal_msp.o
 .comment       0x0000007e       0x7f Application/User/stm32f4xx_it.o
 .comment       0x0000007e       0x7f Drivers/CMSIS/system_stm32f4xx.o
 .comment       0x0000007e       0x7f Drivers/STM32F4xx_HAL_Driver/stm32f4xx_hal.o
 .comment       0x0000007e       0x7f Drivers/STM32F4xx_HAL_Driver/stm32f4xx_hal_cortex.o
 .comment       0x0000007e       0x7f Drivers/STM32F4xx_HAL_Driver/stm32f4xx_hal_dma.o
 .comment       0x0000007e       0x7f Drivers/STM32F4xx_HAL_Driver/stm32f4xx_hal_gpio.o
 .comment       0x0000007e       0x7f Drivers/STM32F4xx_HAL_Driver/stm32f4xx_hal_pwr_ex.o
 .comment       0x0000007e       0x7f Drivers/STM32F4xx_HAL_Driver/stm32f4xx_hal_rcc.o
 .comment       0x0000007e       0x7f Drivers/STM32F4xx_HAL_Driver/stm32f4xx_hal_tim.o
 .comment       0x0000007e       0x7f Drivers/STM32F4xx_HAL_Driver/stm32f4xx_hal_tim_ex.o

.debug_frame    0x00000000     0x1840
 .debug_frame   0x00000000       0xbc Application/User/main.o
 .debug_frame   0x000000bc       0x84 Application/User/stm32f4xx_hal_msp.o
 .debug_frame   0x00000140       0xd8 Application/User/stm32f4xx_it.o
 .debug_frame   0x00000218       0x30 Drivers/CMSIS/system_stm32f4xx.o
 .debug_frame   0x00000248      0x1ec Drivers/STM32F4xx_HAL_Driver/stm32f4xx_hal.o
 .debug_frame   0x00000434      0x15c Drivers/STM32F4xx_HAL_Driver/stm32f4xx_hal_cortex.o
 .debug_frame   0x00000590      0x188 Drivers/STM32F4xx_HAL_Driver/stm32f4xx_hal_dma.o
 .debug_frame   0x00000718       0xd8 Drivers/STM32F4xx_HAL_Driver/stm32f4xx_hal_gpio.o
 .debug_frame   0x000007f0       0xec Drivers/STM32F4xx_HAL_Driver/stm32f4xx_hal_pwr_ex.o
 .debug_frame   0x000008dc      0x184 Drivers/STM32F4xx_HAL_Driver/stm32f4xx_hal_rcc.o
 .debug_frame   0x00000a60      0x9d0 Drivers/STM32F4xx_HAL_Driver/stm32f4xx_hal_tim.o
 .debug_frame   0x00001430      0x384 Drivers/STM32F4xx_HAL_Driver/stm32f4xx_hal_tim_ex.o
 .debug_frame   0x000017b4       0x2c e:/s4w/plugins/fr.ac6.mcu.externaltools.arm-none.win32_1.16.0.201807130628/tools/compiler/bin/../lib/gcc/arm-none-eabi/7.2.1/thumb/v7e-m/fpv4-sp/hard\libgcc.a(_aeabi_uldivmod.o)
 .debug_frame   0x000017e0       0x34 e:/s4w/plugins/fr.ac6.mcu.externaltools.arm-none.win32_1.16.0.201807130628/tools/compiler/bin/../lib/gcc/arm-none-eabi/7.2.1/thumb/v7e-m/fpv4-sp/hard\libgcc.a(_udivmoddi4.o)
 .debug_frame   0x00001814       0x2c e:/s4w/plugins/fr.ac6.mcu.externaltools.arm-none.win32_1.16.0.201807130628/tools/compiler/bin/../lib/gcc/arm-none-eabi/7.2.1/../../../../arm-none-eabi/lib/thumb/v7e-m/fpv4-sp/hard\libc_nano.a(lib_a-init.o)

.debug_loc      0x00000000     0x6279
 .debug_loc     0x00000000       0x79 Application/User/stm32f4xx_hal_msp.o
 .debug_loc     0x00000079      0x13e Drivers/CMSIS/system_stm32f4xx.o
 .debug_loc     0x000001b7       0xfd Drivers/STM32F4xx_HAL_Driver/stm32f4xx_hal.o
 .debug_loc     0x000002b4      0x5ce Drivers/STM32F4xx_HAL_Driver/stm32f4xx_hal_cortex.o
 .debug_loc     0x00000882      0xb4e Drivers/STM32F4xx_HAL_Driver/stm32f4xx_hal_dma.o
 .debug_loc     0x000013d0      0x469 Drivers/STM32F4xx_HAL_Driver/stm32f4xx_hal_gpio.o
 .debug_loc     0x00001839      0x13f Drivers/STM32F4xx_HAL_Driver/stm32f4xx_hal_pwr_ex.o
 .debug_loc     0x00001978      0x3f1 Drivers/STM32F4xx_HAL_Driver/stm32f4xx_hal_rcc.o
 .debug_loc     0x00001d69     0x3612 Drivers/STM32F4xx_HAL_Driver/stm32f4xx_hal_tim.o
 .debug_loc     0x0000537b      0xefe Drivers/STM32F4xx_HAL_Driver/stm32f4xx_hal_tim_ex.o
