Archive member included to satisfy reference by file (symbol)

e:/s4w/plugins/fr.ac6.mcu.externaltools.arm-none.win32_1.16.0.201807130628/tools/compiler/bin/../lib/gcc/arm-none-eabi/7.2.1/thumb/v7e-m/fpv4-sp/hard\libgcc.a(_aeabi_uldivmod.o)
                              Drivers/STM32F4xx_HAL_Driver/stm32f4xx_hal_rcc.o (__aeabi_uldivmod)
e:/s4w/plugins/fr.ac6.mcu.externaltools.arm-none.win32_1.16.0.201807130628/tools/compiler/bin/../lib/gcc/arm-none-eabi/7.2.1/thumb/v7e-m/fpv4-sp/hard\libgcc.a(_udivmoddi4.o)
                              e:/s4w/plugins/fr.ac6.mcu.externaltools.arm-none.win32_1.16.0.201807130628/tools/compiler/bin/../lib/gcc/arm-none-eabi/7.2.1/thumb/v7e-m/fpv4-sp/hard\libgcc.a(_aeabi_uldivmod.o) (__udivmoddi4)
e:/s4w/plugins/fr.ac6.mcu.externaltools.arm-none.win32_1.16.0.201807130628/tools/compiler/bin/../lib/gcc/arm-none-eabi/7.2.1/thumb/v7e-m/fpv4-sp/hard\libgcc.a(_dvmd_tls.o)
                              e:/s4w/plugins/fr.ac6.mcu.externaltools.arm-none.win32_1.16.0.201807130628/tools/compiler/bin/../lib/gcc/arm-none-eabi/7.2.1/thumb/v7e-m/fpv4-sp/hard\libgcc.a(_aeabi_uldivmod.o) (__aeabi_ldiv0)
e:/s4w/plugins/fr.ac6.mcu.externaltools.arm-none.win32_1.16.0.201807130628/tools/compiler/bin/../lib/gcc/arm-none-eabi/7.2.1/../../../../arm-none-eabi/lib/thumb/v7e-m/fpv4-sp/hard\libc_nano.a(lib_a-exit.o)
                              e:/s4w/plugins/fr.ac6.mcu.externaltools.arm-none.win32_1.16.0.201807130628/tools/compiler/bin/../lib/gcc/arm-none-eabi/7.2.1/../../../../arm-none-eabi/lib/thumb/v7e-m/fpv4-sp/hard/crt0.o (exit)
e:/s4w/plugins/fr.ac6.mcu.externaltools.arm-none.win32_1.16.0.201807130628/tools/compiler/bin/../lib/gcc/arm-none-eabi/7.2.1/../../../../arm-none-eabi/lib/thumb/v7e-m/fpv4-sp/hard\libc_nano.a(lib_a-impure.o)
                              e:/s4w/plugins/fr.ac6.mcu.externaltools.arm-none.win32_1.16.0.201807130628/tools/compiler/bin/../lib/gcc/arm-none-eabi/7.2.1/../../../../arm-none-eabi/lib/thumb/v7e-m/fpv4-sp/hard\libc_nano.a(lib_a-exit.o) (_global_impure_ptr)
e:/s4w/plugins/fr.ac6.mcu.externaltools.arm-none.win32_1.16.0.201807130628/tools/compiler/bin/../lib/gcc/arm-none-eabi/7.2.1/../../../../arm-none-eabi/lib/thumb/v7e-m/fpv4-sp/hard\libc_nano.a(lib_a-init.o)
                              e:/s4w/plugins/fr.ac6.mcu.externaltools.arm-none.win32_1.16.0.201807130628/tools/compiler/bin/../lib/gcc/arm-none-eabi/7.2.1/../../../../arm-none-eabi/lib/thumb/v7e-m/fpv4-sp/hard/crt0.o (__libc_init_array)
e:/s4w/plugins/fr.ac6.mcu.externaltools.arm-none.win32_1.16.0.201807130628/tools/compiler/bin/../lib/gcc/arm-none-eabi/7.2.1/../../../../arm-none-eabi/lib/thumb/v7e-m/fpv4-sp/hard\libc_nano.a(lib_a-memset.o)
                              e:/s4w/plugins/fr.ac6.mcu.externaltools.arm-none.win32_1.16.0.201807130628/tools/compiler/bin/../lib/gcc/arm-none-eabi/7.2.1/../../../../arm-none-eabi/lib/thumb/v7e-m/fpv4-sp/hard/crt0.o (memset)
e:/s4w/plugins/fr.ac6.mcu.externaltools.arm-none.win32_1.16.0.201807130628/tools/compiler/bin/../lib/gcc/arm-none-eabi/7.2.1/../../../../arm-none-eabi/lib/thumb/v7e-m/fpv4-sp/hard\libnosys.a(_exit.o)
                              e:/s4w/plugins/fr.ac6.mcu.externaltools.arm-none.win32_1.16.0.201807130628/tools/compiler/bin/../lib/gcc/arm-none-eabi/7.2.1/../../../../arm-none-eabi/lib/thumb/v7e-m/fpv4-sp/hard\libc_nano.a(lib_a-exit.o) (_exit)

Allocating common symbols
Common symbol       size              file

hadc2               0x48              Application/User/main.o
values              0x4               Application/User/main.o
uwTick              0x4               Drivers/STM32F4xx_HAL_Driver/stm32f4xx_hal.o
pFlash              0x20              Drivers/STM32F4xx_HAL_Driver/stm32f4xx_hal_flash.o
hdma_adc2           0x60              Application/User/main.o

Discarded input sections

 .text          0x00000000        0x0 e:/s4w/plugins/fr.ac6.mcu.externaltools.arm-none.win32_1.16.0.201807130628/tools/compiler/bin/../lib/gcc/arm-none-eabi/7.2.1/thumb/v7e-m/fpv4-sp/hard/crti.o
 .data          0x00000000        0x0 e:/s4w/plugins/fr.ac6.mcu.externaltools.arm-none.win32_1.16.0.201807130628/tools/compiler/bin/../lib/gcc/arm-none-eabi/7.2.1/thumb/v7e-m/fpv4-sp/hard/crti.o
 .bss           0x00000000        0x0 e:/s4w/plugins/fr.ac6.mcu.externaltools.arm-none.win32_1.16.0.201807130628/tools/compiler/bin/../lib/gcc/arm-none-eabi/7.2.1/thumb/v7e-m/fpv4-sp/hard/crti.o
 .data          0x00000000        0x4 e:/s4w/plugins/fr.ac6.mcu.externaltools.arm-none.win32_1.16.0.201807130628/tools/compiler/bin/../lib/gcc/arm-none-eabi/7.2.1/thumb/v7e-m/fpv4-sp/hard/crtbegin.o
 .text          0x00000000       0x74 e:/s4w/plugins/fr.ac6.mcu.externaltools.arm-none.win32_1.16.0.201807130628/tools/compiler/bin/../lib/gcc/arm-none-eabi/7.2.1/../../../../arm-none-eabi/lib/thumb/v7e-m/fpv4-sp/hard/crt0.o
[...]
Memory Configuration

Name             Origin             Length             Attributes
RAM              0x20000000         0x00030000         xrw
CCMRAM           0x10000000         0x00010000         rw
FLASH            0x08000000         0x00200000         xr
*default*        0x00000000         0xffffffff

Linker script and memory map

LOAD e:/s4w/plugins/fr.ac6.mcu.externaltools.arm-none.win32_1.16.0.201807130628/tools/compiler/bin/../lib/gcc/arm-none-eabi/7.2.1/thumb/v7e-m/fpv4-sp/hard/crti.o
LOAD e:/s4w/plugins/fr.ac6.mcu.externaltools.arm-none.win32_1.16.0.201807130628/tools/compiler/bin/../lib/gcc/arm-none-eabi/7.2.1/thumb/v7e-m/fpv4-sp/hard/crtbegin.o
LOAD e:/s4w/plugins/fr.ac6.mcu.externaltools.arm-none.win32_1.16.0.201807130628/tools/compiler/bin/../lib/gcc/arm-none-eabi/7.2.1/../../../../arm-none-eabi/lib/thumb/v7e-m/fpv4-sp/hard/crt0.o
LOAD Application/SW4STM32/startup_stm32f429xx.o
LOAD Application/User/main.o
LOAD Application/User/stm32f4xx_hal_msp.o
LOAD Application/User/stm32f4xx_it.o
LOAD Drivers/CMSIS/system_stm32f4xx.o
LOAD Drivers/STM32F4xx_HAL_Driver/stm32f4xx_hal.o
LOAD Drivers/STM32F4xx_HAL_Driver/stm32f4xx_hal_adc.o
LOAD Drivers/STM32F4xx_HAL_Driver/stm32f4xx_hal_adc_ex.o
LOAD Drivers/STM32F4xx_HAL_Driver/stm32f4xx_hal_cortex.o
LOAD Drivers/STM32F4xx_HAL_Driver/stm32f4xx_hal_dma.o
LOAD Drivers/STM32F4xx_HAL_Driver/stm32f4xx_hal_dma_ex.o
LOAD Drivers/STM32F4xx_HAL_Driver/stm32f4xx_hal_flash.o
LOAD Drivers/STM32F4xx_HAL_Driver/stm32f4xx_hal_flash_ex.o
LOAD Drivers/STM32F4xx_HAL_Driver/stm32f4xx_hal_flash_ramfunc.o
LOAD Drivers/STM32F4xx_HAL_Driver/stm32f4xx_hal_gpio.o
LOAD Drivers/STM32F4xx_HAL_Driver/stm32f4xx_hal_pwr.o
LOAD Drivers/STM32F4xx_HAL_Driver/stm32f4xx_hal_pwr_ex.o
LOAD Drivers/STM32F4xx_HAL_Driver/stm32f4xx_hal_rcc.o
LOAD Drivers/STM32F4xx_HAL_Driver/stm32f4xx_hal_rcc_ex.o
LOAD Drivers/STM32F4xx_HAL_Driver/stm32f4xx_hal_tim.o
LOAD Drivers/STM32F4xx_HAL_Driver/stm32f4xx_hal_tim_ex.o
LOAD e:/s4w/plugins/fr.ac6.mcu.externaltools.arm-none.win32_1.16.0.201807130628/tools/compiler/bin/../lib/gcc/arm-none-eabi/7.2.1/../../../../arm-none-eabi/lib/thumb/v7e-m/fpv4-sp/hard\libm.a
START GROUP
LOAD e:/s4w/plugins/fr.ac6.mcu.externaltools.arm-none.win32_1.16.0.201807130628/tools/compiler/bin/../lib/gcc/arm-none-eabi/7.2.1/thumb/v7e-m/fpv4-sp/hard\libgcc.a
LOAD e:/s4w/plugins/fr.ac6.mcu.externaltools.arm-none.win32_1.16.0.201807130628/tools/compiler/bin/../lib/gcc/arm-none-eabi/7.2.1/../../../../arm-none-eabi/lib/thumb/v7e-m/fpv4-sp/hard\libc_nano.a
END GROUP
START GROUP
LOAD e:/s4w/plugins/fr.ac6.mcu.externaltools.arm-none.win32_1.16.0.201807130628/tools/compiler/bin/../lib/gcc/arm-none-eabi/7.2.1/thumb/v7e-m/fpv4-sp/hard\libgcc.a
LOAD e:/s4w/plugins/fr.ac6.mcu.externaltools.arm-none.win32_1.16.0.201807130628/tools/compiler/bin/../lib/gcc/arm-none-eabi/7.2.1/../../../../arm-none-eabi/lib/thumb/v7e-m/fpv4-sp/hard\libc_nano.a
LOAD e:/s4w/plugins/fr.ac6.mcu.externaltools.arm-none.win32_1.16.0.201807130628/tools/compiler/bin/../lib/gcc/arm-none-eabi/7.2.1/../../../../arm-none-eabi/lib/thumb/v7e-m/fpv4-sp/hard\libnosys.a
END GROUP
START GROUP
LOAD e:/s4w/plugins/fr.ac6.mcu.externaltools.arm-none.win32_1.16.0.201807130628/tools/compiler/bin/../lib/gcc/arm-none-eabi/7.2.1/thumb/v7e-m/fpv4-sp/hard\libgcc.a
LOAD e:/s4w/plugins/fr.ac6.mcu.externaltools.arm-none.win32_1.16.0.201807130628/tools/compiler/bin/../lib/gcc/arm-none-eabi/7.2.1/../../../../arm-none-eabi/lib/thumb/v7e-m/fpv4-sp/hard\libc_nano.a
LOAD e:/s4w/plugins/fr.ac6.mcu.externaltools.arm-none.win32_1.16.0.201807130628/tools/compiler/bin/../lib/gcc/arm-none-eabi/7.2.1/../../../../arm-none-eabi/lib/thumb/v7e-m/fpv4-sp/hard\libnosys.a
END GROUP
LOAD e:/s4w/plugins/fr.ac6.mcu.externaltools.arm-none.win32_1.16.0.201807130628/tools/compiler/bin/../lib/gcc/arm-none-eabi/7.2.1/thumb/v7e-m/fpv4-sp/hard/crtend.o
LOAD e:/s4w/plugins/fr.ac6.mcu.externaltools.arm-none.win32_1.16.0.201807130628/tools/compiler/bin/../lib/gcc/arm-none-eabi/7.2.1/thumb/v7e-m/fpv4-sp/hard/crtn.o
                0x20030000                _estack = 0x20030000
                0x00000200                _Min_Heap_Size = 0x200
                0x00000400                _Min_Stack_Size = 0x400

.isr_vector     0x08000000      0x1ac
                0x08000000                . = ALIGN (0x4)
 *(.isr_vector)
 .isr_vector    0x08000000      0x1ac Application/SW4STM32/startup_stm32f429xx.o
                0x08000000                g_pfnVectors
                0x080001ac                . = ALIGN (0x4)

.text           0x080001ac     0x196c
                0x080001ac                . = ALIGN (0x4)
 *(.text)
 .text          0x080001ac       0x40 e:/s4w/plugins/fr.ac6.mcu.externaltools.arm-none.win32_1.16.0.201807130628/tools/compiler/bin/../lib/gcc/arm-none-eabi/7.2.1/thumb/v7e-m/fpv4-sp/hard/crtbegin.o
 .text          0x080001ec       0x30 e:/s4w/plugins/fr.ac6.mcu.externaltools.arm-none.win32_1.16.0.201807130628/tools/compiler/bin/../lib/gcc/arm-none-eabi/7.2.1/thumb/v7e-m/fpv4-sp/hard\libgcc.a(_aeabi_uldivmod.o)
                0x080001ec                __aeabi_uldivmod
 .text          0x0800021c      0x2cc e:/s4w/plugins/fr.ac6.mcu.externaltools.arm-none.win32_1.16.0.201807130628/tools/compiler/bin/../lib/gcc/arm-none-eabi/7.2.1/thumb/v7e-m/fpv4-sp/hard\libgcc.a(_udivmoddi4.o)
                0x0800021c                __udivmoddi4
 .text          0x080004e8        0x4 e:/s4w/plugins/fr.ac6.mcu.externaltools.arm-none.win32_1.16.0.201807130628/tools/compiler/bin/../lib/gcc/arm-none-eabi/7.2.1/thumb/v7e-m/fpv4-sp/hard\libgcc.a(_dvmd_tls.o)
                0x080004e8                __aeabi_idiv0
                0x080004e8                __aeabi_ldiv0
 *(.text*)
 .text.Reset_Handler
                0x080004ec       0x50 Application/SW4STM32/startup_stm32f429xx.o
                0x080004ec                Reset_Handler
 .text.Default_Handler
                0x0800053c        0x2 Application/SW4STM32/startup_stm32f429xx.o
                0x0800053c                RTC_Alarm_IRQHandler
                0x0800053c                HASH_RNG_IRQHandler
                0x0800053c                EXTI2_IRQHandler
                0x0800053c                TIM8_CC_IRQHandler
                0x0800053c                UART8_IRQHandler
                0x0800053c                SPI4_IRQHandler
                0x0800053c                TIM1_CC_IRQHandler
                0x0800053c                DMA2_Stream5_IRQHandler
                0x0800053c                DMA1_Stream5_IRQHandler
                0x0800053c                PVD_IRQHandler
                0x0800053c                SDIO_IRQHandler
                0x0800053c                TAMP_STAMP_IRQHandler
                0x0800053c                CAN2_RX1_IRQHandler
                0x0800053c                EXTI3_IRQHandler
                0x0800053c                TIM8_TRG_COM_TIM14_IRQHandler
                0x0800053c                TIM1_UP_TIM10_IRQHandler
                0x0800053c                TIM8_UP_TIM13_IRQHandler
                0x0800053c                I2C3_ER_IRQHandler
                0x0800053c                EXTI0_IRQHandler
                0x0800053c                I2C2_EV_IRQHandler
                0x0800053c                DMA1_Stream2_IRQHandler
                0x0800053c                CAN1_RX0_IRQHandler
                0x0800053c                FPU_IRQHandler
                0x0800053c                OTG_HS_WKUP_IRQHandler
                0x0800053c                LTDC_ER_IRQHandler
                0x0800053c                CAN2_SCE_IRQHandler
                0x0800053c                SPI1_IRQHandler
                0x0800053c                TIM6_DAC_IRQHandler
                0x0800053c                TIM1_BRK_TIM9_IRQHandler
                0x0800053c                DCMI_IRQHandler
                0x0800053c                CAN2_RX0_IRQHandler
                0x0800053c                DMA2_Stream3_IRQHandler
                0x0800053c                USART6_IRQHandler
                0x0800053c                USART3_IRQHandler
                0x0800053c                CAN1_RX1_IRQHandler
                0x0800053c                UART5_IRQHandler
                0x0800053c                DMA2_Stream0_IRQHandler
                0x0800053c                TIM4_IRQHandler
                0x0800053c                I2C1_EV_IRQHandler
                0x0800053c                DMA1_Stream6_IRQHandler
                0x0800053c                DMA1_Stream1_IRQHandler
                0x0800053c                UART4_IRQHandler
                0x0800053c                TIM3_IRQHandler
                0x0800053c                RCC_IRQHandler
                0x0800053c                TIM8_BRK_TIM12_IRQHandler
                0x0800053c                Default_Handler
                0x0800053c                EXTI15_10_IRQHandler
                0x0800053c                ADC_IRQHandler
                0x0800053c                DMA1_Stream7_IRQHandler
                0x0800053c                SPI5_IRQHandler
                0x0800053c                TIM7_IRQHandler
                0x0800053c                CAN2_TX_IRQHandler
                0x0800053c                TIM5_IRQHandler
                0x0800053c                DMA2_Stream7_IRQHandler
                0x0800053c                I2C3_EV_IRQHandler
                0x0800053c                EXTI9_5_IRQHandler
                0x0800053c                RTC_WKUP_IRQHandler
                0x0800053c                LTDC_IRQHandler
                0x0800053c                ETH_WKUP_IRQHandler
                0x0800053c                SPI2_IRQHandler
                0x0800053c                OTG_HS_EP1_IN_IRQHandler
                0x0800053c                DMA1_Stream0_IRQHandler
                0x0800053c                CAN1_TX_IRQHandler
                0x0800053c                EXTI4_IRQHandler
                0x0800053c                ETH_IRQHandler
                0x0800053c                OTG_HS_EP1_OUT_IRQHandler
                0x0800053c                WWDG_IRQHandler
                0x0800053c                SPI6_IRQHandler
                0x0800053c                TIM2_IRQHandler
                0x0800053c                OTG_FS_WKUP_IRQHandler
                0x0800053c                TIM1_TRG_COM_TIM11_IRQHandler
                0x0800053c                OTG_HS_IRQHandler
                0x0800053c                DMA2D_IRQHandler
                0x0800053c                EXTI1_IRQHandler
                0x0800053c                UART7_IRQHandler
                0x0800053c                USART2_IRQHandler
                0x0800053c                I2C2_ER_IRQHandler
                0x0800053c                DMA2_Stream1_IRQHandler
                0x0800053c                CAN1_SCE_IRQHandler
                0x0800053c                FLASH_IRQHandler
                0x0800053c                DMA2_Stream4_IRQHandler
                0x0800053c                USART1_IRQHandler
                0x0800053c                OTG_FS_IRQHandler
                0x0800053c                SPI3_IRQHandler
                0x0800053c                DMA1_Stream4_IRQHandler
                0x0800053c                I2C1_ER_IRQHandler
                0x0800053c                FMC_IRQHandler
                0x0800053c                DMA2_Stream6_IRQHandler
                0x0800053c                SAI1_IRQHandler
                0x0800053c                DMA1_Stream3_IRQHandler
 *fill*         0x0800053e        0x2 
 .text.MX_GPIO_Init
                0x08000540       0x24 Application/User/main.o
 .text.MX_DMA_Init
                0x08000564       0x34 Application/User/main.o
 .text._Error_Handler
                0x08000598        0x2 Application/User/main.o
                0x08000598                _Error_Handler
 *fill*         0x0800059a        0x2 
 .text.MX_ADC2_Init
                0x0800059c       0x88 Application/User/main.o
 .text.SystemClock_Config
                0x08000624       0xac Application/User/main.o
                0x08000624                SystemClock_Config
 .text.main     0x080006d0       0x2c Application/User/main.o
                0x080006d0                main
 .text.HAL_MspInit
                0x080006fc       0x94 Application/User/stm32f4xx_hal_msp.o
                0x080006fc                HAL_MspInit
 .text.HAL_ADC_MspInit
                0x08000790       0x98 Application/User/stm32f4xx_hal_msp.o
                0x08000790                HAL_ADC_MspInit
 .text.NMI_Handler
                0x08000828        0x2 Application/User/stm32f4xx_it.o
                0x08000828                NMI_Handler
 .text.HardFault_Handler
                0x0800082a        0x2 Application/User/stm32f4xx_it.o
                0x0800082a                HardFault_Handler
 .text.MemManage_Handler
                0x0800082c        0x2 Application/User/stm32f4xx_it.o
                0x0800082c                MemManage_Handler
 .text.BusFault_Handler
                0x0800082e        0x2 Application/User/stm32f4xx_it.o
                0x0800082e                BusFault_Handler
 .text.UsageFault_Handler
                0x08000830        0x2 Application/User/stm32f4xx_it.o
                0x08000830                UsageFault_Handler
 .text.SVC_Handler
                0x08000832        0x2 Application/User/stm32f4xx_it.o
                0x08000832                SVC_Handler
 .text.DebugMon_Handler
                0x08000834        0x2 Application/User/stm32f4xx_it.o
                0x08000834                DebugMon_Handler
 .text.PendSV_Handler
                0x08000836        0x2 Application/User/stm32f4xx_it.o
                0x08000836                PendSV_Handler
 .text.SysTick_Handler
                0x08000838        0xc Application/User/stm32f4xx_it.o
                0x08000838                SysTick_Handler
 .text.DMA2_Stream2_IRQHandler
                0x08000844       0x10 Application/User/stm32f4xx_it.o
                0x08000844                DMA2_Stream2_IRQHandler
 .text.SystemInit
                0x08000854       0x4c Drivers/CMSIS/system_stm32f4xx.o
                0x08000854                SystemInit
 .text.HAL_InitTick
                0x080008a0       0x48 Drivers/STM32F4xx_HAL_Driver/stm32f4xx_hal.o
                0x080008a0                HAL_InitTick
 .text.HAL_Init
                0x080008e8       0x34 Drivers/STM32F4xx_HAL_Driver/stm32f4xx_hal.o
                0x080008e8                HAL_Init
 .text.HAL_IncTick
                0x0800091c       0x18 Drivers/STM32F4xx_HAL_Driver/stm32f4xx_hal.o
                0x0800091c                HAL_IncTick
 .text.HAL_GetTick
                0x08000934        0xc Drivers/STM32F4xx_HAL_Driver/stm32f4xx_hal.o
                0x08000934                HAL_GetTick
 .text.ADC_Init
                0x08000940      0x130 Drivers/STM32F4xx_HAL_Driver/stm32f4xx_hal_adc.o
 .text.HAL_ADC_Init
                0x08000a70       0x54 Drivers/STM32F4xx_HAL_Driver/stm32f4xx_hal_adc.o
                0x08000a70                HAL_ADC_Init
 .text.HAL_ADC_Start_DMA
                0x08000ac4      0x144 Drivers/STM32F4xx_HAL_Driver/stm32f4xx_hal_adc.o
                0x08000ac4                HAL_ADC_Start_DMA
 .text.HAL_ADC_ConvCpltCallback
                0x08000c08        0x2 Drivers/STM32F4xx_HAL_Driver/stm32f4xx_hal_adc.o
                0x08000c08                HAL_ADC_ConvCpltCallback
 .text.ADC_DMAConvCplt
                0x08000c0a       0x62 Drivers/STM32F4xx_HAL_Driver/stm32f4xx_hal_adc.o
 .text.HAL_ADC_ConvHalfCpltCallback
                0x08000c6c        0x2 Drivers/STM32F4xx_HAL_Driver/stm32f4xx_hal_adc.o
                0x08000c6c                HAL_ADC_ConvHalfCpltCallback
 .text.ADC_DMAHalfConvCplt
                0x08000c6e        0xa Drivers/STM32F4xx_HAL_Driver/stm32f4xx_hal_adc.o
 .text.HAL_ADC_ErrorCallback
                0x08000c78        0x2 Drivers/STM32F4xx_HAL_Driver/stm32f4xx_hal_adc.o
                0x08000c78                HAL_ADC_ErrorCallback
 .text.ADC_DMAError
                0x08000c7a       0x16 Drivers/STM32F4xx_HAL_Driver/stm32f4xx_hal_adc.o
 .text.HAL_ADC_ConfigChannel
                0x08000c90      0x194 Drivers/STM32F4xx_HAL_Driver/stm32f4xx_hal_adc.o
                0x08000c90                HAL_ADC_ConfigChannel
 .text.HAL_NVIC_SetPriorityGrouping
                0x08000e24       0x24 Drivers/STM32F4xx_HAL_Driver/stm32f4xx_hal_cortex.o
                0x08000e24                HAL_NVIC_SetPriorityGrouping
 .text.HAL_NVIC_SetPriority
                0x08000e48       0x68 Drivers/STM32F4xx_HAL_Driver/stm32f4xx_hal_cortex.o
                0x08000e48                HAL_NVIC_SetPriority
 .text.HAL_NVIC_EnableIRQ
                0x08000eb0       0x18 Drivers/STM32F4xx_HAL_Driver/stm32f4xx_hal_cortex.o
                0x08000eb0                HAL_NVIC_EnableIRQ
 .text.HAL_SYSTICK_Config
                0x08000ec8       0x2c Drivers/STM32F4xx_HAL_Driver/stm32f4xx_hal_cortex.o
                0x08000ec8                HAL_SYSTICK_Config
 .text.HAL_SYSTICK_CLKSourceConfig
                0x08000ef4       0x20 Drivers/STM32F4xx_HAL_Driver/stm32f4xx_hal_cortex.o
                0x08000ef4                HAL_SYSTICK_CLKSourceConfig
 .text.HAL_SYSTICK_Callback
                0x08000f14        0x2 Drivers/STM32F4xx_HAL_Driver/stm32f4xx_hal_cortex.o
                0x08000f14                HAL_SYSTICK_Callback
 .text.HAL_SYSTICK_IRQHandler
                0x08000f16        0x8 Drivers/STM32F4xx_HAL_Driver/stm32f4xx_hal_cortex.o
                0x08000f16                HAL_SYSTICK_IRQHandler
 .text.DMA_SetConfig
                0x08000f1e       0x2c Drivers/STM32F4xx_HAL_Driver/stm32f4xx_hal_dma.o
 *fill*         0x08000f4a        0x2 
 .text.DMA_CalcBaseAndBitshift
                0x08000f4c       0x3c Drivers/STM32F4xx_HAL_Driver/stm32f4xx_hal_dma.o
 .text.DMA_CheckFifoParam
                0x08000f88       0x8e Drivers/STM32F4xx_HAL_Driver/stm32f4xx_hal_dma.o
 *fill*         0x08001016        0x2 
 .text.HAL_DMA_Init
                0x08001018       0xcc Drivers/STM32F4xx_HAL_Driver/stm32f4xx_hal_dma.o
                0x08001018                HAL_DMA_Init
 .text.HAL_DMA_Start_IT
                0x080010e4       0x74 Drivers/STM32F4xx_HAL_Driver/stm32f4xx_hal_dma.o
                0x080010e4                HAL_DMA_Start_IT
 .text.HAL_DMA_IRQHandler
                0x08001158      0x1dc Drivers/STM32F4xx_HAL_Driver/stm32f4xx_hal_dma.o
                0x08001158                HAL_DMA_IRQHandler
 .text.HAL_GPIO_Init
                0x08001334      0x1e0 Drivers/STM32F4xx_HAL_Driver/stm32f4xx_hal_gpio.o
                0x08001334                HAL_GPIO_Init
 .text.HAL_RCC_OscConfig
                0x08001514      0x398 Drivers/STM32F4xx_HAL_Driver/stm32f4xx_hal_rcc.o
                0x08001514                HAL_RCC_OscConfig
 .text.HAL_RCC_GetSysClockFreq
                0x080018ac       0xa8 Drivers/STM32F4xx_HAL_Driver/stm32f4xx_hal_rcc.o
                0x080018ac                HAL_RCC_GetSysClockFreq
 .text.HAL_RCC_ClockConfig
                0x08001954      0x158 Drivers/STM32F4xx_HAL_Driver/stm32f4xx_hal_rcc.o
                0x08001954                HAL_RCC_ClockConfig
 .text.HAL_RCC_GetHCLKFreq
                0x08001aac        0xc Drivers/STM32F4xx_HAL_Driver/stm32f4xx_hal_rcc.o
                0x08001aac                HAL_RCC_GetHCLKFreq
 .text.__libc_init_array
                0x08001ab8       0x48 e:/s4w/plugins/fr.ac6.mcu.externaltools.arm-none.win32_1.16.0.201807130628/tools/compiler/bin/../lib/gcc/arm-none-eabi/7.2.1/../../../../arm-none-eabi/lib/thumb/v7e-m/fpv4-sp/hard\libc_nano.a(lib_a-init.o)
                0x08001ab8                __libc_init_array
 *(.glue_7)
 .glue_7        0x08001b00        0x0 linker stubs
 *(.glue_7t)
 .glue_7t       0x08001b00        0x0 linker stubs
 *(.eh_frame)
 .eh_frame      0x08001b00        0x0 e:/s4w/plugins/fr.ac6.mcu.externaltools.arm-none.win32_1.16.0.201807130628/tools/compiler/bin/../lib/gcc/arm-none-eabi/7.2.1/thumb/v7e-m/fpv4-sp/hard/crtbegin.o
 *(.init)
 .init          0x08001b00        0x4 e:/s4w/plugins/fr.ac6.mcu.externaltools.arm-none.win32_1.16.0.201807130628/tools/compiler/bin/../lib/gcc/arm-none-eabi/7.2.1/thumb/v7e-m/fpv4-sp/hard/crti.o
                0x08001b00                _init
 .init          0x08001b04        0x8 e:/s4w/plugins/fr.ac6.mcu.externaltools.arm-none.win32_1.16.0.201807130628/tools/compiler/bin/../lib/gcc/arm-none-eabi/7.2.1/thumb/v7e-m/fpv4-sp/hard/crtn.o
 *(.fini)
 .fini          0x08001b0c        0x4 e:/s4w/plugins/fr.ac6.mcu.externaltools.arm-none.win32_1.16.0.201807130628/tools/compiler/bin/../lib/gcc/arm-none-eabi/7.2.1/thumb/v7e-m/fpv4-sp/hard/crti.o
                0x08001b0c                _fini
 .fini          0x08001b10        0x8 e:/s4w/plugins/fr.ac6.mcu.externaltools.arm-none.win32_1.16.0.201807130628/tools/compiler/bin/../lib/gcc/arm-none-eabi/7.2.1/thumb/v7e-m/fpv4-sp/hard/crtn.o
                0x08001b18                . = ALIGN (0x4)
                0x08001b18                _etext = .

.vfp11_veneer   0x08001b18        0x0
 .vfp11_veneer  0x08001b18        0x0 linker stubs

.v4_bx          0x08001b18        0x0
 .v4_bx         0x08001b18        0x0 linker stubs

.iplt           0x08001b18        0x0
 .iplt          0x08001b18        0x0 e:/s4w/plugins/fr.ac6.mcu.externaltools.arm-none.win32_1.16.0.201807130628/tools/compiler/bin/../lib/gcc/arm-none-eabi/7.2.1/thumb/v7e-m/fpv4-sp/hard/crtbegin.o

.rodata         0x08001b18       0x94
                0x08001b18                . = ALIGN (0x4)
 *(.rodata)
 .rodata        0x08001b18       0x18 Drivers/CMSIS/system_stm32f4xx.o
                0x08001b18                AHBPrescTable
                0x08001b28                APBPrescTable
 .rodata        0x08001b30        0x8 Drivers/STM32F4xx_HAL_Driver/stm32f4xx_hal_dma.o
 *(.rodata*)
 .rodata.str1.4
                0x08001b38       0x33 Application/User/main.o
 *fill*         0x08001b6b        0x1 
 .rodata.str1.4
                0x08001b6c       0x40 Application/User/stm32f4xx_hal_msp.o
                0x08001bac                . = ALIGN (0x4)

.ARM.extab
 *(.ARM.extab* .gnu.linkonce.armextab.*)

.ARM            0x08001bac        0x8
                0x08001bac                __exidx_start = .
 *(.ARM.exidx*)
 .ARM.exidx     0x08001bac        0x8 e:/s4w/plugins/fr.ac6.mcu.externaltools.arm-none.win32_1.16.0.201807130628/tools/compiler/bin/../lib/gcc/arm-none-eabi/7.2.1/thumb/v7e-m/fpv4-sp/hard\libgcc.a(_udivmoddi4.o)
                0x08001bb4                __exidx_end = .

.rel.dyn        0x08001bb4        0x0
 .rel.iplt      0x08001bb4        0x0 e:/s4w/plugins/fr.ac6.mcu.externaltools.arm-none.win32_1.16.0.201807130628/tools/compiler/bin/../lib/gcc/arm-none-eabi/7.2.1/thumb/v7e-m/fpv4-sp/hard/crtbegin.o

.preinit_array  0x08001bb4        0x0
                0x08001bb4                PROVIDE (__preinit_array_start, .)
 *(.preinit_array*)
                0x08001bb4                PROVIDE (__preinit_array_end, .)

.init_array     0x08001bb4        0x4
                0x08001bb4                PROVIDE (__init_array_start, .)
 *(SORT_BY_NAME(.init_array.*))
 *(.init_array*)
 .init_array    0x08001bb4        0x4 e:/s4w/plugins/fr.ac6.mcu.externaltools.arm-none.win32_1.16.0.201807130628/tools/compiler/bin/../lib/gcc/arm-none-eabi/7.2.1/thumb/v7e-m/fpv4-sp/hard/crtbegin.o
                0x08001bb8                PROVIDE (__init_array_end, .)

.fini_array     0x08001bb8        0x4
                [!provide]                PROVIDE (__fini_array_start, .)
 *(SORT_BY_NAME(.fini_array.*))
 *(.fini_array*)
 .fini_array    0x08001bb8        0x4 e:/s4w/plugins/fr.ac6.mcu.externaltools.arm-none.win32_1.16.0.201807130628/tools/compiler/bin/../lib/gcc/arm-none-eabi/7.2.1/thumb/v7e-m/fpv4-sp/hard/crtbegin.o
                [!provide]                PROVIDE (__fini_array_end, .)
                0x08001bbc                _sidata = LOADADDR (.data)

.data           0x20000000        0xc load address 0x08001bbc
                0x20000000                . = ALIGN (0x4)
                0x20000000                _sdata = .
 *(.data)
 .data          0x20000000        0x4 Drivers/CMSIS/system_stm32f4xx.o
                0x20000000                SystemCoreClock
 .data          0x20000004        0x8 Drivers/STM32F4xx_HAL_Driver/stm32f4xx_hal.o
                0x20000004                uwTickFreq
                0x20000008                uwTickPrio
 *(.data*)
                0x2000000c                . = ALIGN (0x4)
                0x2000000c                _edata = .
                0x08001bc8                _siccmram = LOADADDR (.ccmram)

.igot.plt       0x2000000c        0x0 load address 0x08001bc8
 .igot.plt      0x2000000c        0x0 e:/s4w/plugins/fr.ac6.mcu.externaltools.arm-none.win32_1.16.0.201807130628/tools/compiler/bin/../lib/gcc/arm-none-eabi/7.2.1/thumb/v7e-m/fpv4-sp/hard/crtbegin.o

.ccmram         0x10000000        0x0 load address 0x08001bc8
                0x10000000                . = ALIGN (0x4)
                0x10000000                _sccmram = .
 *(.ccmram)
 *(.ccmram*)
                0x10000000                . = ALIGN (0x4)
                0x10000000                _eccmram = .
                0x10000000                . = ALIGN (0x4)

.bss            0x2000000c       0xcc
                0x2000000c                _sbss = .
                0x2000000c                __bss_start__ = _sbss
 *(.bss)
 .bss           0x2000000c       0x1c e:/s4w/plugins/fr.ac6.mcu.externaltools.arm-none.win32_1.16.0.201807130628/tools/compiler/bin/../lib/gcc/arm-none-eabi/7.2.1/thumb/v7e-m/fpv4-sp/hard/crtbegin.o
 *(.bss*)
 *(COMMON)
 COMMON         0x20000028       0xac Application/User/main.o
                0x20000028                hadc2
                0x20000070                values
                0x20000074                hdma_adc2
 COMMON         0x200000d4        0x4 Drivers/STM32F4xx_HAL_Driver/stm32f4xx_hal.o
                0x200000d4                uwTick
                0x200000d8                . = ALIGN (0x4)
                0x200000d8                _ebss = .
                0x200000d8                __bss_end__ = _ebss

._user_heap_stack
                0x200000d8      0x600
                0x200000d8                . = ALIGN (0x8)
                [!provide]                PROVIDE (end, .)
                [!provide]                PROVIDE (_end, .)
                0x200002d8                . = (. + _Min_Heap_Size)
 *fill*         0x200000d8      0x200 
                0x200006d8                . = (. + _Min_Stack_Size)
 *fill*         0x200002d8      0x400 
                0x200006d8                . = ALIGN (0x8)

/DISCARD/
 libc.a(*)
 libm.a(*)
 libgcc.a(*)

.ARM.attributes
                0x00000000       0x30
 *(.ARM.attributes)
 .ARM.attributes
                0x00000000       0x22 e:/s4w/plugins/fr.ac6.mcu.externaltools.arm-none.win32_1.16.0.201807130628/tools/compiler/bin/../lib/gcc/arm-none-eabi/7.2.1/thumb/v7e-m/fpv4-sp/hard/crti.o
 .ARM.attributes
                0x00000022       0x34 e:/s4w/plugins/fr.ac6.mcu.externaltools.arm-none.win32_1.16.0.201807130628/tools/compiler/bin/../lib/gcc/arm-none-eabi/7.2.1/thumb/v7e-m/fpv4-sp/hard/crtbegin.o
 .ARM.attributes
                0x00000056       0x21 Application/SW4STM32/startup_stm32f429xx.o
 .ARM.attributes
                0x00000077       0x39 Application/User/main.o
 .ARM.attributes
                0x000000b0       0x39 Application/User/stm32f4xx_hal_msp.o
 .ARM.attributes
                0x000000e9       0x39 Application/User/stm32f4xx_it.o
 .ARM.attributes
                0x00000122       0x39 Drivers/CMSIS/system_stm32f4xx.o
 .ARM.attributes
                0x0000015b       0x39 Drivers/STM32F4xx_HAL_Driver/stm32f4xx_hal.o
 .ARM.attributes
                0x00000194       0x39 Drivers/STM32F4xx_HAL_Driver/stm32f4xx_hal_adc.o
 .ARM.attributes
                0x000001cd       0x39 Drivers/STM32F4xx_HAL_Driver/stm32f4xx_hal_cortex.o
 .ARM.attributes
                0x00000206       0x39 Drivers/STM32F4xx_HAL_Driver/stm32f4xx_hal_dma.o
 .ARM.attributes
                0x0000023f       0x39 Drivers/STM32F4xx_HAL_Driver/stm32f4xx_hal_gpio.o
 .ARM.attributes
                0x00000278       0x39 Drivers/STM32F4xx_HAL_Driver/stm32f4xx_hal_rcc.o
 .ARM.attributes
                0x000002b1       0x22 e:/s4w/plugins/fr.ac6.mcu.externaltools.arm-none.win32_1.16.0.201807130628/tools/compiler/bin/../lib/gcc/arm-none-eabi/7.2.1/thumb/v7e-m/fpv4-sp/hard\libgcc.a(_aeabi_uldivmod.o)
 .ARM.attributes
                0x000002d3       0x34 e:/s4w/plugins/fr.ac6.mcu.externaltools.arm-none.win32_1.16.0.201807130628/tools/compiler/bin/../lib/gcc/arm-none-eabi/7.2.1/thumb/v7e-m/fpv4-sp/hard\libgcc.a(_udivmoddi4.o)
 .ARM.attributes
                0x00000307       0x22 e:/s4w/plugins/fr.ac6.mcu.externaltools.arm-none.win32_1.16.0.201807130628/tools/compiler/bin/../lib/gcc/arm-none-eabi/7.2.1/thumb/v7e-m/fpv4-sp/hard\libgcc.a(_dvmd_tls.o)
 .ARM.attributes
                0x00000329       0x34 e:/s4w/plugins/fr.ac6.mcu.externaltools.arm-none.win32_1.16.0.201807130628/tools/compiler/bin/../lib/gcc/arm-none-eabi/7.2.1/../../../../arm-none-eabi/lib/thumb/v7e-m/fpv4-sp/hard\libc_nano.a(lib_a-init.o)
 .ARM.attributes
                0x0000035d       0x22 e:/s4w/plugins/fr.ac6.mcu.externaltools.arm-none.win32_1.16.0.201807130628/tools/compiler/bin/../lib/gcc/arm-none-eabi/7.2.1/thumb/v7e-m/fpv4-sp/hard/crtn.o
OUTPUT(ADC_3_DMA_CubeMX.elf elf32-littlearm)

.debug_line     0x00000000     0x5d88
 .debug_line    0x00000000       0xa5 Application/SW4STM32/startup_stm32f429xx.o
 .debug_line    0x000000a5      0x804 Application/User/main.o
 .debug_line    0x000008a9      0x7c6 Application/User/stm32f4xx_hal_msp.o
 .debug_line    0x0000106f      0x823 Application/User/stm32f4xx_it.o
 .debug_line    0x00001892      0x7b2 Drivers/CMSIS/system_stm32f4xx.o
 .debug_line    0x00002044      0x98f Drivers/STM32F4xx_HAL_Driver/stm32f4xx_hal.o
 .debug_line    0x000029d3      0xc1a Drivers/STM32F4xx_HAL_Driver/stm32f4xx_hal_adc.o
 .debug_line    0x000035ed      0x9c6 Drivers/STM32F4xx_HAL_Driver/stm32f4xx_hal_cortex.o
 .debug_line    0x00003fb3      0xab1 Drivers/STM32F4xx_HAL_Driver/stm32f4xx_hal_dma.o
 .debug_line    0x00004a64      0x924 Drivers/STM32F4xx_HAL_Driver/stm32f4xx_hal_gpio.o
 .debug_line    0x00005388      0xa00 Drivers/STM32F4xx_HAL_Driver/stm32f4xx_hal_rcc.o

.debug_info     0x00000000     0xbb21
 .debug_info    0x00000000       0x22 Application/SW4STM32/startup_stm32f429xx.o
 .debug_info    0x00000022     0x176d Application/User/main.o
 .debug_info    0x0000178f     0x1568 Application/User/stm32f4xx_hal_msp.o
 .debug_info    0x00002cf7      0xc89 Application/User/stm32f4xx_it.o
 .debug_info    0x00003980      0xd43 Drivers/CMSIS/system_stm32f4xx.o
 .debug_info    0x000046c3     0x124d Drivers/STM32F4xx_HAL_Driver/stm32f4xx_hal.o
 .debug_info    0x00005910     0x15e9 Drivers/STM32F4xx_HAL_Driver/stm32f4xx_hal_adc.o
 .debug_info    0x00006ef9     0x178b Drivers/STM32F4xx_HAL_Driver/stm32f4xx_hal_cortex.o
 .debug_info    0x00008684     0x127b Drivers/STM32F4xx_HAL_Driver/stm32f4xx_hal_dma.o
 .debug_info    0x000098ff      0xfad Drivers/STM32F4xx_HAL_Driver/stm32f4xx_hal_gpio.o
 .debug_info    0x0000a8ac     0x1275 Drivers/STM32F4xx_HAL_Driver/stm32f4xx_hal_rcc.o

.debug_abbrev   0x00000000     0x1bec
 .debug_abbrev  0x00000000       0x12 Application/SW4STM32/startup_stm32f429xx.o
 .debug_abbrev  0x00000012      0x2c7 Application/User/main.o
 .debug_abbrev  0x000002d9      0x25f Application/User/stm32f4xx_hal_msp.o
 .debug_abbrev  0x00000538      0x221 Application/User/stm32f4xx_it.o
 .debug_abbrev  0x00000759      0x205 Drivers/CMSIS/system_stm32f4xx.o
 .debug_abbrev  0x0000095e      0x2e5 Drivers/STM32F4xx_HAL_Driver/stm32f4xx_hal.o
 .debug_abbrev  0x00000c43      0x2cf Drivers/STM32F4xx_HAL_Driver/stm32f4xx_hal_adc.o
 .debug_abbrev  0x00000f12      0x3d6 Drivers/STM32F4xx_HAL_Driver/stm32f4xx_hal_cortex.o
 .debug_abbrev  0x000012e8      0x32a Drivers/STM32F4xx_HAL_Driver/stm32f4xx_hal_dma.o
 .debug_abbrev  0x00001612      0x2a7 Drivers/STM32F4xx_HAL_Driver/stm32f4xx_hal_gpio.o
 .debug_abbrev  0x000018b9      0x333 Drivers/STM32F4xx_HAL_Driver/stm32f4xx_hal_rcc.o

.debug_aranges  0x00000000      0x520
 .debug_aranges
                0x00000000       0x28 Application/SW4STM32/startup_stm32f429xx.o
 .debug_aranges
                0x00000028       0x48 Application/User/main.o
 .debug_aranges
                0x00000070       0x30 Application/User/stm32f4xx_hal_msp.o
 .debug_aranges
                0x000000a0       0x68 Application/User/stm32f4xx_it.o
 .debug_aranges
                0x00000108       0x28 Drivers/CMSIS/system_stm32f4xx.o
 .debug_aranges
                0x00000130       0xf0 Drivers/STM32F4xx_HAL_Driver/stm32f4xx_hal.o
 .debug_aranges
                0x00000220       0xe8 Drivers/STM32F4xx_HAL_Driver/stm32f4xx_hal_adc.o
 .debug_aranges
                0x00000308       0xa8 Drivers/STM32F4xx_HAL_Driver/stm32f4xx_hal_cortex.o
 .debug_aranges
                0x000003b0       0x90 Drivers/STM32F4xx_HAL_Driver/stm32f4xx_hal_dma.o
 .debug_aranges
                0x00000440       0x58 Drivers/STM32F4xx_HAL_Driver/stm32f4xx_hal_gpio.o
 .debug_aranges
                0x00000498       0x88 Drivers/STM32F4xx_HAL_Driver/stm32f4xx_hal_rcc.o

.debug_str      0x00000000    0xce35b
 .debug_str     0x00000000       0x9e Application/SW4STM32/startup_stm32f429xx.o
 .debug_str     0x0000009e    0xccbc1 Application/User/main.o
                              0xccf99 (size before relaxing)
 .debug_str     0x000ccc5f      0x132 Application/User/stm32f4xx_hal_msp.o
                              0xcce28 (size before relaxing)
 .debug_str     0x000ccd91      0x12b Application/User/stm32f4xx_it.o
                              0xcc5f4 (size before relaxing)
 .debug_str     0x000ccebc       0xe4 Drivers/CMSIS/system_stm32f4xx.o
                              0xcc466 (size before relaxing)
 .debug_str     0x000ccfa0      0x630 Drivers/STM32F4xx_HAL_Driver/stm32f4xx_hal.o
                              0xcd074 (size before relaxing)
 .debug_str     0x000cd5d0      0x2dc Drivers/STM32F4xx_HAL_Driver/stm32f4xx_hal_adc.o
                              0xcca2d (size before relaxing)
 .debug_str     0x000cd8ac      0x353 Drivers/STM32F4xx_HAL_Driver/stm32f4xx_hal_cortex.o
                              0xccd68 (size before relaxing)
 .debug_str     0x000cdbff      0x2f4 Drivers/STM32F4xx_HAL_Driver/stm32f4xx_hal_dma.o
                              0xcc879 (size before relaxing)
 .debug_str     0x000cdef3      0x22f Drivers/STM32F4xx_HAL_Driver/stm32f4xx_hal_gpio.o
                              0xcc6aa (size before relaxing)
 .debug_str     0x000ce122      0x239 Drivers/STM32F4xx_HAL_Driver/stm32f4xx_hal_rcc.o
                              0xcc874 (size before relaxing)

.debug_ranges   0x00000000      0x4f0
 .debug_ranges  0x00000000       0x20 Application/SW4STM32/startup_stm32f429xx.o
 .debug_ranges  0x00000020       0x38 Application/User/main.o
 .debug_ranges  0x00000058       0x20 Application/User/stm32f4xx_hal_msp.o
 .debug_ranges  0x00000078       0x58 Application/User/stm32f4xx_it.o
 .debug_ranges  0x000000d0       0x18 Drivers/CMSIS/system_stm32f4xx.o
 .debug_ranges  0x000000e8       0xe0 Drivers/STM32F4xx_HAL_Driver/stm32f4xx_hal.o
 .debug_ranges  0x000001c8       0xd8 Drivers/STM32F4xx_HAL_Driver/stm32f4xx_hal_adc.o
 .debug_ranges  0x000002a0       0xf8 Drivers/STM32F4xx_HAL_Driver/stm32f4xx_hal_cortex.o
 .debug_ranges  0x00000398       0x80 Drivers/STM32F4xx_HAL_Driver/stm32f4xx_hal_dma.o
 .debug_ranges  0x00000418       0x48 Drivers/STM32F4xx_HAL_Driver/stm32f4xx_hal_gpio.o
 .debug_ranges  0x00000460       0x90 Drivers/STM32F4xx_HAL_Driver/stm32f4xx_hal_rcc.o

.debug_macro    0x00000000    0x22dbc
 .debug_macro   0x00000000      0x320 Application/User/main.o
 .debug_macro   0x00000320      0xa60 Application/User/main.o
 .debug_macro   0x00000d80       0x10 Application/User/main.o
 .debug_macro   0x00000d90      0x17a Application/User/main.o
 .debug_macro   0x00000f0a       0x32 Application/User/main.o
 .debug_macro   0x00000f3c       0x28 Application/User/main.o
 .debug_macro   0x00000f64       0x22 Application/User/main.o
 .debug_macro   0x00000f86       0x87 Application/User/main.o
 .debug_macro   0x0000100d       0x51 Application/User/main.o
 .debug_macro   0x0000105e       0xef Application/User/main.o
 .debug_macro   0x0000114d       0x6a Application/User/main.o
 .debug_macro   0x000011b7      0x1df Application/User/main.o
 .debug_macro   0x00001396       0x35 Application/User/main.o
 .debug_macro   0x000013cb       0x50 Application/User/main.o
 .debug_macro   0x0000141b      0xe66 Application/User/main.o
 .debug_macro   0x00002281    0x17e1c Application/User/main.o
 .debug_macro   0x0001a09d       0x43 Application/User/main.o
 .debug_macro   0x0001a0e0     0x35a5 Application/User/main.o
 .debug_macro   0x0001d685       0x58 Application/User/main.o
 .debug_macro   0x0001d6dd       0x17 Application/User/main.o
 .debug_macro   0x0001d6f4       0x35 Application/User/main.o
 .debug_macro   0x0001d729       0x9c Application/User/main.o
 .debug_macro   0x0001d7c5       0x16 Application/User/main.o
 .debug_macro   0x0001d7db       0x97 Application/User/main.o
 .debug_macro   0x0001d872      0x330 Application/User/main.o
 .debug_macro   0x0001dba2       0xfd Application/User/main.o
 .debug_macro   0x0001dc9f       0x10 Application/User/main.o
 .debug_macro   0x0001dcaf       0x58 Application/User/main.o
 .debug_macro   0x0001dd07       0x1f Application/User/main.o
 .debug_macro   0x0001dd26       0x43 Application/User/main.o
 .debug_macro   0x0001dd69       0x20 Application/User/main.o
 .debug_macro   0x0001dd89      0x18e Application/User/main.o
 .debug_macro   0x0001df17       0x10 Application/User/main.o
 .debug_macro   0x0001df27       0x1c Application/User/main.o
 .debug_macro   0x0001df43       0x52 Application/User/main.o
 .debug_macro   0x0001df95       0x40 Application/User/main.o
 .debug_macro   0x0001dfd5       0x10 Application/User/main.o
 .debug_macro   0x0001dfe5       0x40 Application/User/main.o
 .debug_macro   0x0001e025       0xd7 Application/User/main.o
 .debug_macro   0x0001e0fc       0x1c Application/User/main.o
 .debug_macro   0x0001e118       0x3d Application/User/main.o
 .debug_macro   0x0001e155       0x16 Application/User/main.o
 .debug_macro   0x0001e16b      0x16f Application/User/main.o
 .debug_macro   0x0001e2da       0x50 Application/User/main.o
 .debug_macro   0x0001e32a      0xca5 Application/User/main.o
 .debug_macro   0x0001efcf      0xa02 Application/User/main.o
 .debug_macro   0x0001f9d1      0x11e Application/User/main.o
 .debug_macro   0x0001faef      0x15f Application/User/main.o
 .debug_macro   0x0001fc4e       0x27 Application/User/main.o
 .debug_macro   0x0001fc75      0x287 Application/User/main.o
 .debug_macro   0x0001fefc       0x5f Application/User/main.o
 .debug_macro   0x0001ff5b      0x23a Application/User/main.o
 .debug_macro   0x00020195      0x391 Application/User/main.o
 .debug_macro   0x00020526      0x184 Application/User/main.o
 .debug_macro   0x000206aa       0xf9 Application/User/main.o
 .debug_macro   0x000207a3      0x13a Application/User/main.o
 .debug_macro   0x000208dd      0x41d Application/User/main.o
 .debug_macro   0x00020cfa       0x2e Application/User/main.o
 .debug_macro   0x00020d28      0x11e Application/User/main.o
 .debug_macro   0x00020e46       0xe2 Application/User/main.o
 .debug_macro   0x00020f28       0x89 Application/User/main.o
 .debug_macro   0x00020fb1      0x13b Application/User/main.o
 .debug_macro   0x000210ec      0x31c Application/User/stm32f4xx_hal_msp.o
 .debug_macro   0x00021408      0x326 Application/User/stm32f4xx_it.o
 .debug_macro   0x0002172e      0x322 Drivers/CMSIS/system_stm32f4xx.o
 .debug_macro   0x00021a50      0x37c Drivers/STM32F4xx_HAL_Driver/stm32f4xx_hal.o
 .debug_macro   0x00021dcc      0x31d Drivers/STM32F4xx_HAL_Driver/stm32f4xx_hal_adc.o
 .debug_macro   0x000220e9      0x31c Drivers/STM32F4xx_HAL_Driver/stm32f4xx_hal_cortex.o
 .debug_macro   0x00022405      0x323 Drivers/STM32F4xx_HAL_Driver/stm32f4xx_hal_dma.o
 .debug_macro   0x00022728      0x354 Drivers/STM32F4xx_HAL_Driver/stm32f4xx_hal_gpio.o
 .debug_macro   0x00022a7c      0x340 Drivers/STM32F4xx_HAL_Driver/stm32f4xx_hal_rcc.o

.comment        0x00000000       0x7e
 .comment       0x00000000       0x7e Application/User/main.o
                                 0x7f (size before relaxing)
 .comment       0x0000007e       0x7f Application/User/stm32f4xx_hal_msp.o
 .comment       0x0000007e       0x7f Application/User/stm32f4xx_it.o
 .comment       0x0000007e       0x7f Drivers/CMSIS/system_stm32f4xx.o
 .comment       0x0000007e       0x7f Drivers/STM32F4xx_HAL_Driver/stm32f4xx_hal.o
 .comment       0x0000007e       0x7f Drivers/STM32F4xx_HAL_Driver/stm32f4xx_hal_adc.o
 .comment       0x0000007e       0x7f Drivers/STM32F4xx_HAL_Driver/stm32f4xx_hal_cortex.o
 .comment       0x0000007e       0x7f Drivers/STM32F4xx_HAL_Driver/stm32f4xx_hal_dma.o
 .comment       0x0000007e       0x7f Drivers/STM32F4xx_HAL_Driver/stm32f4xx_hal_gpio.o
 .comment       0x0000007e       0x7f Drivers/STM32F4xx_HAL_Driver/stm32f4xx_hal_rcc.o

.debug_frame    0x00000000      0xc3c
 .debug_frame   0x00000000       0xac Application/User/main.o
 .debug_frame   0x000000ac       0x6c Application/User/stm32f4xx_hal_msp.o
 .debug_frame   0x00000118       0xc0 Application/User/stm32f4xx_it.o
 .debug_frame   0x000001d8       0x30 Drivers/CMSIS/system_stm32f4xx.o
 .debug_frame   0x00000208      0x1ec Drivers/STM32F4xx_HAL_Driver/stm32f4xx_hal.o
 .debug_frame   0x000003f4      0x27c Drivers/STM32F4xx_HAL_Driver/stm32f4xx_hal_adc.o
 .debug_frame   0x00000670      0x15c Drivers/STM32F4xx_HAL_Driver/stm32f4xx_hal_cortex.o
 .debug_frame   0x000007cc      0x188 Drivers/STM32F4xx_HAL_Driver/stm32f4xx_hal_dma.o
 .debug_frame   0x00000954       0xd8 Drivers/STM32F4xx_HAL_Driver/stm32f4xx_hal_gpio.o
 .debug_frame   0x00000a2c      0x184 Drivers/STM32F4xx_HAL_Driver/stm32f4xx_hal_rcc.o
 .debug_frame   0x00000bb0       0x2c e:/s4w/plugins/fr.ac6.mcu.externaltools.arm-none.win32_1.16.0.201807130628/tools/compiler/bin/../lib/gcc/arm-none-eabi/7.2.1/thumb/v7e-m/fpv4-sp/hard\libgcc.a(_aeabi_uldivmod.o)
 .debug_frame   0x00000bdc       0x34 e:/s4w/plugins/fr.ac6.mcu.externaltools.arm-none.win32_1.16.0.201807130628/tools/compiler/bin/../lib/gcc/arm-none-eabi/7.2.1/thumb/v7e-m/fpv4-sp/hard\libgcc.a(_udivmoddi4.o)
 .debug_frame   0x00000c10       0x2c e:/s4w/plugins/fr.ac6.mcu.externaltools.arm-none.win32_1.16.0.201807130628/tools/compiler/bin/../lib/gcc/arm-none-eabi/7.2.1/../../../../arm-none-eabi/lib/thumb/v7e-m/fpv4-sp/hard\libc_nano.a(lib_a-init.o)

.debug_loc      0x00000000     0x2527
 .debug_loc     0x00000000       0x4a Application/User/stm32f4xx_hal_msp.o
 .debug_loc     0x0000004a      0x13e Drivers/CMSIS/system_stm32f4xx.o
 .debug_loc     0x00000188       0xfd Drivers/STM32F4xx_HAL_Driver/stm32f4xx_hal.o
 .debug_loc     0x00000285      0x92c Drivers/STM32F4xx_HAL_Driver/stm32f4xx_hal_adc.o
 .debug_loc     0x00000bb1      0x5ce Drivers/STM32F4xx_HAL_Driver/stm32f4xx_hal_cortex.o
 .debug_loc     0x0000117f      0xb4e Drivers/STM32F4xx_HAL_Driver/stm32f4xx_hal_dma.o
 .debug_loc     0x00001ccd      0x469 Drivers/STM32F4xx_HAL_Driver/stm32f4xx_hal_gpio.o
 .debug_loc     0x00002136      0x3f1 Drivers/STM32F4xx_HAL_Driver/stm32f4xx_hal_rcc.o
